SQL> grant connect to bob;

Autorisation de privilèges (GRANT) acceptée.

SQL> grant create on users to bob;
grant create on users to bob
                *
ERREUR à la ligne 1 :
ORA-00942: Table ou vue inexistante 


SQL> grant create to bob;
grant create to bob
      *
ERREUR à la ligne 1 :
ORA-01919: le rôle 'CREATE' n'existe pas 


SQL> grant create table to bob;

Autorisation de privilèges (GRANT) acceptée.

SQL> create user kay identified by mary;

Utilisateur créé.

SQL> create table kay.emp as select * from scott.emp;
create table kay.emp as select * from scott.emp
                                            *
ERREUR à la ligne 1 :
ORA-01950: pas de privilèges sur le tablespace 'USERS' 


SQL> grant connect to kay;

Autorisation de privilèges (GRANT) acceptée.

SQL> grant create table to kay.
  2  ;
grant create table to kay.
                         *
ERREUR à la ligne 1 :
ORA-00933: la commande SQL ne se termine pas correctement 


SQL> grant create table to kay;

Autorisation de privilèges (GRANT) acceptée.

SQL> select table_name from all_tables;

TABLE_NAME                                                                      
------------------------------                                                  
ICOL$                                                                           
CON$                                                                            
UNDO$                                                                           
PROXY_ROLE_DATA$                                                                
FILE$                                                                           
UET$                                                                            
IND$                                                                            
SEG$                                                                            
COL$                                                                            
CLU$                                                                            
PROXY_DATA$                                                                     

TABLE_NAME                                                                      
------------------------------                                                  
TS$                                                                             
BOOTSTRAP$                                                                      
FET$                                                                            
CCOL$                                                                           
USER$                                                                           
OBJ$                                                                            
TAB$                                                                            
CDEF$                                                                           
OBJERROR$                                                                       
OBJAUTH$                                                                        
UGROUP$                                                                         

TABLE_NAME                                                                      
------------------------------                                                  
TSQ$                                                                            
SYN$                                                                            
VIEW$                                                                           
TYPED_VIEW$                                                                     
SUPEROBJ$                                                                       
SEQ$                                                                            
LOB$                                                                            
COLTYPE$                                                                        
SUBCOLTYPE$                                                                     
NTAB$                                                                           
REFCON$                                                                         

TABLE_NAME                                                                      
------------------------------                                                  
OPQTYPE$                                                                        
PROPS$                                                                          
EDITION$                                                                        
FIXED_OBJ$                                                                      
MIGRATE$                                                                        
DEPENDENCY$                                                                     
ACCESS$                                                                         
VIEWCON$                                                                        
ICOLDEP$                                                                        
DUAL                                                                            
SYSAUTH$                                                                        

TABLE_NAME                                                                      
------------------------------                                                  
OBJPRIV$                                                                        
DEFROLE$                                                                        
ECOL$                                                                           
EV$                                                                             
EVCOL$                                                                          
DEFERRED_STG$                                                                   
LINK$                                                                           
TRUSTED_LIST$                                                                   
COM$                                                                            
DUC$                                                                            
RECYCLEBIN$                                                                     

TABLE_NAME                                                                      
------------------------------                                                  
IND_ONLINE$                                                                     
CONTEXT$                                                                        
SQL_VERSION$                                                                    
JIJOIN$                                                                         
JIREFRESHSQL$                                                                   
TRIGGER$                                                                        
TRIGGERCOL$                                                                     
TRIGGERJAVAF$                                                                   
TRIGGERJAVAS$                                                                   
TRIGGERJAVAC$                                                                   
TRIGGERJAVAM$                                                                   

TABLE_NAME                                                                      
------------------------------                                                  
VIEWTRCOL$                                                                      
ATEMPTAB$                                                                       
TRIGGERDEP$                                                                     
INDREBUILD$                                                                     
COMPRESSION$                                                                    
TRANSIENT_IOT$                                                                  
SQLLOG$                                                                         
SMB$CONFIG                                                                      
SQL$                                                                            
SQL$TEXT                                                                        
SQLOBJ$                                                                         

TABLE_NAME                                                                      
------------------------------                                                  
SQLOBJ$DATA                                                                     
SQLOBJ$AUXDATA                                                                  
OBJECT_USAGE                                                                    
PROCEDURE$                                                                      
PROCEDUREINFO$                                                                  
ARGUMENT$                                                                       
SOURCE$                                                                         
IDL_UB1$                                                                        
IDL_CHAR$                                                                       
IDL_UB2$                                                                        
IDL_SB4$                                                                        

TABLE_NAME                                                                      
------------------------------                                                  
ERROR$                                                                          
SETTINGS$                                                                       
NCOMP_DLL$                                                                      
PROCEDUREJAVA$                                                                  
PROCEDUREC$                                                                     
PROCEDUREPLSQL$                                                                 
LIBRARY$                                                                        
ASSEMBLY$                                                                       
WARNING_SETTINGS$                                                               
DIANA_VERSION$                                                                  
PLSCOPE_IDENTIFIER$                                                             

TABLE_NAME                                                                      
------------------------------                                                  
PLSCOPE_ACTION$                                                                 
PENDING_TRANS$                                                                  
PENDING_SESSIONS$                                                               
PENDING_SUB_SESSIONS$                                                           
SMON_SCN_TIME                                                                   
MAP_FILE$                                                                       
MAP_FILE_EXTENT$                                                                
MAP_SUBELEMENT$                                                                 
MAP_ELEMENT$                                                                    
MAP_EXTELEMENT$                                                                 
MAP_COMPLIST$                                                                   

TABLE_NAME                                                                      
------------------------------                                                  
MAP_OBJECT                                                                      
PROFILE$                                                                        
PROFNAME$                                                                       
RESOURCE_COST$                                                                  
JOB$                                                                            
RESOURCE_MAP                                                                    
USER_ASTATUS_MAP                                                                
RESOURCE_PLAN$                                                                  
RESOURCE_CONSUMER_GROUP$                                                        
RESOURCE_CATEGORY$                                                              
RESOURCE_PLAN_DIRECTIVE$                                                        

TABLE_NAME                                                                      
------------------------------                                                  
RESOURCE_GROUP_MAPPING$                                                         
RESOURCE_MAPPING_PRIORITY$                                                      
RESOURCE_STORAGE_POOL_MAPPING$                                                  
RESOURCE_CAPABILITY$                                                            
RESOURCE_INSTANCE_CAPABILITY$                                                   
RESOURCE_IO_CALIBRATE$                                                          
TSM_SRC$                                                                        
TSM_DST$                                                                        
SERVICE$                                                                        
CLUSTER_DATABASES                                                               
CLUSTER_NODES                                                                   

TABLE_NAME                                                                      
------------------------------                                                  
CLUSTER_INSTANCES                                                               
DIR$MIGRATE_OPERATIONS                                                          
DIR$SERVICE_OPERATIONS                                                          
DIR$ESCALATE_OPERATIONS                                                         
DIR$QUIESCE_OPERATIONS                                                          
DIR$INSTANCE_ACTIONS                                                            
DIR$RESONATE_OPERATIONS                                                         
DIR$ALERT_HISTORY                                                               
DIR$REASON_STRINGS                                                              
DIR$DATABASE_ATTRIBUTES                                                         
DIR$VICTIM_POLICY                                                               

TABLE_NAME                                                                      
------------------------------                                                  
DIR$NODE_ATTRIBUTES                                                             
DIR$SERVICE_ATTRIBUTES                                                          
_default_auditing_options_                                                      
AUDIT$                                                                          
SYSTEM_PRIVILEGE_MAP                                                            
TABLE_PRIVILEGE_MAP                                                             
STMT_AUDIT_OPTION_MAP                                                           
USER_HISTORY$                                                                   
RLS$                                                                            
RLS_SC$                                                                         
RLS_GRP$                                                                        

TABLE_NAME                                                                      
------------------------------                                                  
RLS_CTX$                                                                        
AUD$                                                                            
FGA$                                                                            
FGACOL$                                                                         
FGA_LOG$                                                                        
APPROLE$                                                                        
ENC$                                                                            
PROXY_INFO$                                                                     
PROXY_ROLE_INFO$                                                                
XS$VERIFIERS                                                                    
XS$SESSIONS                                                                     

TABLE_NAME                                                                      
------------------------------                                                  
XS$SESSION_ROLES                                                                
XS$SESSION_APPNS                                                                
XS$PARAMETERS                                                                   
DEFAULT_PWD$                                                                    
HISTGRM$                                                                        
HIST_HEAD$                                                                      
AUX_STATS$                                                                      
TAB_STATS$                                                                      
IND_STATS$                                                                      
CACHE_STATS_1$                                                                  
CACHE_STATS_0$                                                                  

TABLE_NAME                                                                      
------------------------------                                                  
ASSOCIATION$                                                                    
USTATS$                                                                         
STATS_TARGET$                                                                   
OL$                                                                             
OL$HINTS                                                                        
OL$NODES                                                                        
COL_USAGE$                                                                      
MON_MODS$                                                                       
MON_MODS_ALL$                                                                   
WRI$_OPTSTAT_TAB_HISTORY                                                        
WRI$_OPTSTAT_IND_HISTORY                                                        

TABLE_NAME                                                                      
------------------------------                                                  
WRI$_OPTSTAT_HISTHEAD_HISTORY                                                   
WRI$_OPTSTAT_HISTGRM_HISTORY                                                    
WRI$_OPTSTAT_AUX_HISTORY                                                        
WRI$_OPTSTAT_OPR                                                                
OPTSTAT_HIST_CONTROL$                                                           
OPTSTAT_USER_PREFS$                                                             
WRI$_OPTSTAT_SYNOPSIS_PARTGRP                                                   
WRI$_OPTSTAT_SYNOPSIS_HEAD$                                                     
WRI$_OPTSTAT_SYNOPSIS$                                                          
FINALHIST$                                                                      
DIR$                                                                            

TABLE_NAME                                                                      
------------------------------                                                  
ATTRCOL$                                                                        
ID_GENS$                                                                        
OID$                                                                            
TYPE_MISC$                                                                      
TYPE$                                                                           
TYPEHIERARCHY$                                                                  
COLLECTION$                                                                     
ATTRIBUTE$                                                                      
METHOD$                                                                         
PARAMETER$                                                                      
RESULT$                                                                         

TABLE_NAME                                                                      
------------------------------                                                  
KOPM$                                                                           
VTABLE$                                                                         
OPBINDING$                                                                      
OPANCILLARY$                                                                    
OPARG$                                                                          
OPERATOR$                                                                       
INDTYPES$                                                                       
INDOP$                                                                          
INDARRAYTYPE$                                                                   
SECOBJ$                                                                         
JAVAOBJ$                                                                        

TABLE_NAME                                                                      
------------------------------                                                  
JAVASNM$                                                                        
PARTOBJ$                                                                        
PARTCOL$                                                                        
TABPART$                                                                        
INDPART$                                                                        
SUBPARTCOL$                                                                     
TABSUBPART$                                                                     
INDSUBPART$                                                                     
TABCOMPART$                                                                     
INDCOMPART$                                                                     
PARTLOB$                                                                        

TABLE_NAME                                                                      
------------------------------                                                  
LOBFRAG$                                                                        
LOBCOMPPART$                                                                    
DEFSUBPART$                                                                     
DEFSUBPARTLOB$                                                                  
INDPART_PARAM$                                                                  
INSERT_TSN_LIST$                                                                
SUMPARTLOG$                                                                     
SUMDELTA$                                                                       
SNAP_LOGDEP$                                                                    
SNAP_LOADERTIME$                                                                
MLOG$                                                                           

TABLE_NAME                                                                      
------------------------------                                                  
SNAP_XCMT$                                                                      
SLOG$                                                                           
SNAP$                                                                           
SNAP_REFTIME$                                                                   
MLOG_REFCOL$                                                                    
SNAP_REFOP$                                                                     
SNAP_COLMAP$                                                                    
SNAP_OBJCOL$                                                                    
REG_SNAP$                                                                       
SNAP_SITE$                                                                      
RGROUP$                                                                         

TABLE_NAME                                                                      
------------------------------                                                  
RGCHILD$                                                                        
CDC_SYSTEM$                                                                     
CDC_CHANGE_SOURCES$                                                             
CDC_CHANGE_SETS$                                                                
CDC_CHANGE_TABLES$                                                              
CDC_SUBSCRIBERS$                                                                
CDC_SUBSCRIBED_TABLES$                                                          
CDC_SUBSCRIBED_COLUMNS$                                                         
CDC_CHANGE_COLUMNS$                                                             
CDC_PROPAGATIONS$                                                               
CDC_PROPAGATED_SETS$                                                            

TABLE_NAME                                                                      
------------------------------                                                  
STREAMS$_SPLIT_MERGE                                                            
STREAMS$_CAPTURE_SERVER                                                         
STREAMS$_CAPTURE_PROCESS                                                        
STREAMS$_APPLY_PROCESS                                                          
STREAMS$_PROPAGATION_PROCESS                                                    
STREAMS$_PROCESS_PARAMS                                                         
STREAMS$_EXTRA_ATTRS                                                            
STREAMS$_PREPARE_OBJECT                                                         
STREAMS$_PREPARE_DDL                                                            
STREAMS$_APPLY_MILESTONE                                                        
STREAMS$_APPLY_PROGRESS                                                         

TABLE_NAME                                                                      
------------------------------                                                  
STREAMS$_KEY_COLUMNS                                                            
STREAMS$_DEF_PROC                                                               
STREAMS$_RULES                                                                  
APPLY$_SOURCE_OBJ                                                               
APPLY$_SOURCE_SCHEMA                                                            
APPLY$_VIRTUAL_OBJ_CONS                                                         
APPLY$_CONSTRAINT_COLUMNS                                                       
APPLY$_DEST_OBJ                                                                 
APPLY$_DEST_OBJ_CMAP                                                            
APPLY$_DEST_OBJ_OPS                                                             
STREAMS$_STMT_HANDLERS                                                          

TABLE_NAME                                                                      
------------------------------                                                  
STREAMS$_STMT_HANDLER_STMTS                                                     
APPLY$_CHANGE_HANDLERS                                                          
APPLY$_ERROR                                                                    
APPLY$_ERROR_TXN                                                                
APPLY$_ERROR_HANDLER                                                            
APPLY$_CONF_HDLR_COLUMNS                                                        
STREAMS$_DEST_OBJS                                                              
STREAMS$_DEST_OBJ_COLS                                                          
STREAMS$_PRIVILEGED_USER                                                        
STREAMS$_MESSAGE_RULES                                                          
STREAMS$_MESSAGE_CONSUMERS                                                      

TABLE_NAME                                                                      
------------------------------                                                  
STREAMS$_APPLY_SPILL_TXN                                                        
STREAMS$_APPLY_SPILL_TXN_LIST                                                   
FGR$_FILE_GROUPS                                                                
FGR$_FILE_GROUP_VERSIONS                                                        
FGR$_FILE_GROUP_EXPORT_INFO                                                     
FGR$_FILE_GROUP_FILES                                                           
FGR$_TABLESPACE_INFO                                                            
FGR$_TABLE_INFO                                                                 
REDEF$                                                                          
REDEF_OBJECT$                                                                   
REDEF_DEP_ERROR$                                                                

TABLE_NAME                                                                      
------------------------------                                                  
RULESET$                                                                        
LOG$                                                                            
RECO_SCRIPT$                                                                    
RECO_SCRIPT_PARAMS$                                                             
RECO_SCRIPT_BLOCK$                                                              
RECO_SCRIPT_ERROR$                                                              
COMPARISON$                                                                     
COMPARISON_COL$                                                                 
COMPARISON_SCAN$                                                                
COMPARISON_SCAN_VAL$                                                            
COMPARISON_ROW_DIF$                                                             

TABLE_NAME                                                                      
------------------------------                                                  
STREAMS$_COMPONENT                                                              
STREAMS$_COMPONENT_LINK                                                         
STREAMS$_COMPONENT_PROP                                                         
STREAMS$_DATABASE                                                               
XSTREAM$_SERVER                                                                 
XSTREAM$_SUBSET_RULES                                                           
XSTREAM$_SYSGEN_OBJS                                                            
AW$                                                                             
PS$                                                                             
AW_OBJ$                                                                         
AW_PROP$                                                                        

TABLE_NAME                                                                      
------------------------------                                                  
AW_TRACK$                                                                       
AW_PRG$                                                                         
OLAP_MAPPINGS$                                                                  
OLAP_MODELS$                                                                    
OLAP_MODEL_PARENTS$                                                             
OLAP_MODEL_ASSIGNMENTS$                                                         
OLAP_CALCULATED_MEMBERS$                                                        
OLAP_SYNTAX$                                                                    
OLAP_DESCRIPTIONS$                                                              
OLAP_CUBE_BUILD_PROCESSES$                                                      
OLAP_AW_VIEWS$                                                                  

TABLE_NAME                                                                      
------------------------------                                                  
OLAP_AW_VIEW_COLUMNS$                                                           
OLAP_MEASURE_FOLDERS$                                                           
OLAP_MEAS_FOLDER_CONTENTS$                                                      
OLAP_AW_DEPLOYMENT_CONTROLS$                                                    
OLAP_IMPL_OPTIONS$                                                              
OLAP_MULTI_OPTIONS$                                                             
OLAP_CUBE_DIMENSIONS$                                                           
OLAP_DIM_LEVELS$                                                                
OLAP_ATTRIBUTES$                                                                
OLAP_ATTRIBUTE_VISIBILITY$                                                      
OLAP_HIERARCHIES$                                                               

TABLE_NAME                                                                      
------------------------------                                                  
OLAP_HIER_LEVELS$                                                               
OLAP_CUBES$                                                                     
OLAP_MEASURES$                                                                  
OLAP_DIMENSIONALITY$                                                            
OLAP_TAB$                                                                       
OLAP_TAB_COL$                                                                   
OLAP_TAB_HIER$                                                                  
SUM$                                                                            
SUMDETAIL$                                                                      
SUMINLINE$                                                                      
SUMKEY$                                                                         

TABLE_NAME                                                                      
------------------------------                                                  
SUMAGG$                                                                         
SUMJOIN$                                                                        
SUMDEP$                                                                         
SUMPRED$                                                                        
SUMQB$                                                                          
HIER$                                                                           
HIERLEVEL$                                                                      
DIM$                                                                            
DIMLEVEL$                                                                       
DIMLEVELKEY$                                                                    
DIMJOINKEY$                                                                     

TABLE_NAME                                                                      
------------------------------                                                  
DIMATTR$                                                                        
INCEXP                                                                          
INCVID                                                                          
INCFIL                                                                          
EXPACT$                                                                         
NOEXP$                                                                          
EXPPKGOBJ$                                                                      
EXPPKGACT$                                                                      
EXPDEPOBJ$                                                                      
EXPDEPACT$                                                                      
EXPIMP_TTS_CT$                                                                  

TABLE_NAME                                                                      
------------------------------                                                  
METAVIEW$                                                                       
METAFILTER$                                                                     
METAXSL$                                                                        
METAXSLPARAM$                                                                   
METASTYLESHEET                                                                  
METASCRIPT$                                                                     
METASCRIPTFILTER$                                                               
METANAMETRANS$                                                                  
METAPATHMAP$                                                                    
EXTERNAL_TAB$                                                                   
EXTERNAL_LOCATION$                                                              

TABLE_NAME                                                                      
------------------------------                                                  
MODEL$                                                                          
MODELTAB$                                                                       
MODELATT$                                                                       
MODELSET$                                                                       
LOGMNR_SESSION_EVOLVE$                                                          
LOGMNR_GLOBAL$                                                                  
LOGMNR_GT_TAB_INCLUDE$                                                          
LOGMNR_GT_USER_INCLUDE$                                                         
LOGMNR_GT_XID_INCLUDE$                                                          
LOGMNR_UID$                                                                     
LOGMNR_BUILDLOG                                                                 

TABLE_NAME                                                                      
------------------------------                                                  
LOGMNRC_DBNAME_UID_MAP                                                          
LOGMNR_LOG$                                                                     
LOGMNR_PROCESSED_LOG$                                                           
LOGMNR_SPILL$                                                                   
LOGMNR_AGE_SPILL$                                                               
LOGMNR_RESTART_CKPT_TXINFO$                                                     
LOGMNR_ERROR$                                                                   
LOGMNR_RESTART_CKPT$                                                            
LOGMNR_FILTER$                                                                  
LOGMNR_SESSION_ACTIONS$                                                         
LOGMNR_PARAMETER$                                                               

TABLE_NAME                                                                      
------------------------------                                                  
LOGMNR_SESSION$                                                                 
LOGMNRG_SEED$                                                                   
LOGMNRG_DICTIONARY$                                                             
LOGMNRG_OBJ$                                                                    
LOGMNRG_TAB$                                                                    
LOGMNRG_COL$                                                                    
LOGMNRG_ATTRCOL$                                                                
LOGMNRG_TS$                                                                     
LOGMNRG_IND$                                                                    
LOGMNRG_USER$                                                                   
LOGMNRG_TABPART$                                                                

TABLE_NAME                                                                      
------------------------------                                                  
LOGMNRG_TABSUBPART$                                                             
LOGMNRG_TABCOMPART$                                                             
LOGMNRG_TYPE$                                                                   
LOGMNRG_COLTYPE$                                                                
LOGMNRG_ATTRIBUTE$                                                              
LOGMNRG_LOB$                                                                    
LOGMNRG_CDEF$                                                                   
LOGMNRG_CCOL$                                                                   
LOGMNRG_ICOL$                                                                   
LOGMNRG_LOBFRAG$                                                                
LOGMNRG_INDPART$                                                                

TABLE_NAME                                                                      
------------------------------                                                  
LOGMNRG_INDSUBPART$                                                             
LOGMNRG_INDCOMPART$                                                             
LOGMNRG_LOGMNR_BUILDLOG                                                         
LOGMNRG_NTAB$                                                                   
LOGMNRG_OPQTYPE$                                                                
LOGMNRG_SUBCOLTYPE$                                                             
LOGMNRG_KOPM$                                                                   
LOGMNRG_PROPS$                                                                  
LOGMNRG_ENC$                                                                    
LOGMNRG_REFCON$                                                                 
LOGMNRG_PARTOBJ$                                                                

TABLE_NAME                                                                      
------------------------------                                                  
LOGMNRT_MDDL$                                                                   
DST$AFFECTED_TABLES                                                             
DST$ERROR_TABLE                                                                 
DST$TRIGGER_TABLE                                                               
SYS_FBA_FA                                                                      
SYS_FBA_TSFA                                                                    
SYS_FBA_BARRIERSCN                                                              
SYS_FBA_TRACKEDTABLES                                                           
SYS_FBA_PARTITIONS                                                              
SYS_FBA_USERS                                                                   
SYS_FBA_DL                                                                      

TABLE_NAME                                                                      
------------------------------                                                  
REGISTRY$                                                                       
REGISTRY$SCHEMAS                                                                
REGISTRY$LOG                                                                    
REGISTRY$ERROR                                                                  
REGISTRY$HISTORY                                                                
REGISTRY$PROGRESS                                                               
REGISTRY$DEPENDENCIES                                                           
REGISTRY$DATABASE                                                               
AUDIT_ACTIONS                                                                   
MVIEW$_ADV_WORKLOAD                                                             
MVIEW$_ADV_BASETABLE                                                            

TABLE_NAME                                                                      
------------------------------                                                  
MVIEW$_ADV_SQLDEPEND                                                            
MVIEW$_ADV_PRETTY                                                               
MVIEW$_ADV_TEMP                                                                 
MVIEW$_ADV_FILTER                                                               
MVIEW$_ADV_LOG                                                                  
MVIEW$_ADV_FILTERINSTANCE                                                       
MVIEW$_ADV_LEVEL                                                                
MVIEW$_ADV_ROLLUP                                                               
MVIEW$_ADV_AJG                                                                  
MVIEW$_ADV_FJG                                                                  
MVIEW$_ADV_GC                                                                   

TABLE_NAME                                                                      
------------------------------                                                  
MVIEW$_ADV_CLIQUE                                                               
MVIEW$_ADV_ELIGIBLE                                                             
MVIEW$_ADV_OUTPUT                                                               
MVIEW$_ADV_EXCEPTIONS                                                           
MVIEW$_ADV_PARAMETERS                                                           
MVIEW$_ADV_INFO                                                                 
MVIEW$_ADV_JOURNAL                                                              
MVIEW$_ADV_PLAN                                                                 
PSTUBTBL                                                                        
WRI$_SEGADV_OBJLIST                                                             
WRI$_SEGADV_CNTRLTAB                                                            

TABLE_NAME                                                                      
------------------------------                                                  
WRI$_ADV_ASA_RECO_DATA                                                          
WRI$_REPT_COMPONENTS                                                            
WRI$_REPT_REPORTS                                                               
WRI$_REPT_FILES                                                                 
WRI$_REPT_FORMATS                                                               
PLAN_TABLE$                                                                     
TRANSACTION_BACKOUT_STATE$                                                      
TRANSACTION_BACKOUT_REPORT$                                                     
UTL_RECOMP_SORTED                                                               
UTL_RECOMP_COMPILED                                                             
UTL_RECOMP_ERRORS                                                               

TABLE_NAME                                                                      
------------------------------                                                  
TRANSFORMATIONS$                                                                
ATTRIBUTE_TRANSFORMATIONS$                                                      
RULE_SET_IEUAC$                                                                 
RULE_SET$                                                                       
RULE$                                                                           
RULE_MAP$                                                                       
RULE_EC$                                                                        
REC_TAB$                                                                        
REC_VAR$                                                                        
RULE_SET_EE$                                                                    
RULE_SET_TE$                                                                    

TABLE_NAME                                                                      
------------------------------                                                  
RULE_SET_VE$                                                                    
RULE_SET_RE$                                                                    
RULE_SET_ROR$                                                                   
RULE_SET_FOB$                                                                   
RULE_SET_NL$                                                                    
SYS_IOT_OVER_5140                                                               
RULE_SET_PR$                                                                    
RULE_SET_RDEP$                                                                  
SYS_IOT_OVER_5146                                                               
RULE_SET_IOT$                                                                   
SYS_IOT_OVER_5150                                                               

TABLE_NAME                                                                      
------------------------------                                                  
RULE_SET_ROP$                                                                   
DAM_PARAM_TAB$                                                                  
DAM_CONFIG_PARAM$                                                               
DAM_LAST_ARCH_TS$                                                               
DAM_CLEANUP_JOBS$                                                               
DAM_CLEANUP_EVENTS$                                                             
INVALIDATION_REGISTRY$                                                          
SYS_IOT_OVER_5387                                                               
CHNF$_CLAUSES                                                                   
CHNF$_CLAUSE_DEPENDENTS                                                         
CHNF$_QUERY_OBJECT                                                              

TABLE_NAME                                                                      
------------------------------                                                  
CHNF$_REG_QUERIES                                                               
CHNF$_QUERIES                                                                   
CHNF$_QUERY_BINDS                                                               
SYS_IOT_OVER_5422                                                               
CHNF$_GROUP_FILTER_IOT                                                          
CHNF$_QUERY_DEPENDENCIES                                                        
CHNF$_QUERY_DELTAS                                                              
CHNFDIRECTLOAD$                                                                 
CPOOL$                                                                          
SSCR_CAP$                                                                       
SSCR_RES$                                                                       

TABLE_NAME                                                                      
------------------------------                                                  
REG$                                                                            
LOC$                                                                            
REGZ$                                                                           
AQ$_QUEUE_TABLES                                                                
AQ$_QUEUES                                                                      
AQ$_REPLAY_INFO                                                                 
AQ$_QUEUE_TABLE_AFFINITIES                                                      
AQ$_SUBSCRIBER_TABLE                                                            
AQ$_SCHEDULES                                                                   
AQ$_SCHEDULES                                                                   
AQ$_MESSAGE_TYPES                                                               

TABLE_NAME                                                                      
------------------------------                                                  
AQ$_PROPAGATION_STATUS                                                          
AQ$_PENDING_MESSAGES                                                            
AQ$_QUEUE_STATISTICS                                                            
AQ$_PUBLISHER                                                                   
AQ$_INTERNET_AGENTS                                                             
AQ$_INTERNET_AGENT_PRIVS                                                        
SYS_IOT_OVER_5690                                                               
RECENT_RESOURCE_INCARNATIONS$                                                   
WRI$_ADV_DEFINITIONS                                                            
WRI$_ADV_DEF_PARAMETERS                                                         
WRI$_ADV_DEF_EXEC_TYPES                                                         

TABLE_NAME                                                                      
------------------------------                                                  
WRI$_ADV_TASKS                                                                  
WRI$_ADV_PARAMETERS                                                             
WRI$_ADV_EXECUTIONS                                                             
WRI$_ADV_EXEC_PARAMETERS                                                        
WRI$_ADV_OBJECTS                                                                
WRI$_ADV_FINDINGS                                                               
WRI$_ADV_INST_FDG                                                               
WRI$_ADV_RECOMMENDATIONS                                                        
WRI$_ADV_ACTIONS                                                                
WRI$_ADV_RATIONALE                                                              
WRI$_ADV_REC_ACTIONS                                                            

TABLE_NAME                                                                      
------------------------------                                                  
WRI$_ADV_DIRECTIVE_DEFS                                                         
WRI$_ADV_DIRECTIVE_META                                                         
WRI$_ADV_DIRECTIVE_INSTANCES                                                    
WRI$_ADV_JOURNAL                                                                
WRI$_ADV_MESSAGE_GROUPS                                                         
WRI$_ADV_SQLT_PLAN_HASH                                                         
WRI$_ADV_SQLT_PLAN_STATS                                                        
WRI$_ADV_SQLT_PLANS                                                             
WRI$_ADV_USAGE                                                                  
WRI$_ADV_ADDM_TASKS                                                             
WRI$_ADV_ADDM_INST                                                              

TABLE_NAME                                                                      
------------------------------                                                  
WRI$_ADV_ADDM_FDG                                                               
SCHEDULER$_PROGRAM                                                              
SCHEDULER$_CLASS                                                                
SCHEDULER$_JOB                                                                  
SCHEDULER$_SAVED_OIDS                                                           
SCHEDULER$_LWJOB_OBJ                                                            
SCHEDULER$_LIGHTWEIGHT_JOB                                                      
SCHEDULER$_JOB_ARGUMENT                                                         
SCHEDULER$_WINDOW                                                               
SCHEDULER$_PROGRAM_ARGUMENT                                                     
SCHEDULER$_SRCQ_INFO                                                            

TABLE_NAME                                                                      
------------------------------                                                  
SCHEDULER$_SRCQ_MAP                                                             
SCHEDULER$_EVTQ_SUB                                                             
SCHEDULER$_EVENT_LOG                                                            
SCHEDULER$_JOB_RUN_DETAILS                                                      
SCHEDULER$_WINDOW_DETAILS                                                       
SCHEDULER$_WINDOW_GROUP                                                         
SCHEDULER$_WINGRP_MEMBER                                                        
SCHEDULER$_SCHEDULE                                                             
SCHEDULER$_CHAIN                                                                
SCHEDULER$_STEP                                                                 
SCHEDULER$_STEP_STATE                                                           

TABLE_NAME                                                                      
------------------------------                                                  
SCHEDULER$_GLOBAL_ATTRIBUTE                                                     
SCHEDULER$_CREDENTIAL                                                           
SCHEDULER$_RJOB_SRC_DB_INFO                                                     
SCHEDULER$_REMOTE_DBS                                                           
SCHEDULER$_REMOTE_JOB_STATE                                                     
SCHEDULER$_FILE_WATCHER                                                         
SCHEDULER$_FILEWATCHER_HISTORY                                                  
SCHEDULER$_FILEWATCHER_RESEND                                                   
SCHEDULER$_NOTIFICATION                                                         
SCHEDULER$_DESTINATIONS                                                         
SCHEDULER$_JOB_DESTINATIONS                                                     

TABLE_NAME                                                                      
------------------------------                                                  
OL$                                                                             
OL$HINTS                                                                        
OL$NODES                                                                        
KU_NOEXP_TAB                                                                    
KU$NOEXP_TAB                                                                    
KU_UTLUSE                                                                       
KU$_LIST_FILTER_TEMP                                                            
KU$_LIST_FILTER_TEMP_2                                                          
CRC$_RESULT_CACHE_STATS                                                         
WRI$_DBU_FEATURE_USAGE                                                          
WRI$_DBU_FEATURE_METADATA                                                       

TABLE_NAME                                                                      
------------------------------                                                  
WRI$_DBU_HIGH_WATER_MARK                                                        
WRI$_DBU_HWM_METADATA                                                           
WRI$_DBU_USAGE_SAMPLE                                                           
WRI$_DBU_CPU_USAGE                                                              
WRI$_DBU_CPU_USAGE_SAMPLE                                                       
WRI$_ALERT_OUTSTANDING                                                          
WRI$_ALERT_HISTORY                                                              
WRI$_ALERT_THRESHOLD                                                            
WRI$_ALERT_THRESHOLD_LOG                                                        
KET$_AUTOTASK_STATUS                                                            
KET$_CLIENT_CONFIG                                                              

TABLE_NAME                                                                      
------------------------------                                                  
KET$_CLIENT_TASKS                                                               
WRI$_TRACING_ENABLED                                                            
WRI$_AGGREGATION_ENABLED                                                        
WRI$_ADV_SQLT_BINDS                                                             
WRI$_ADV_SQLT_STATISTICS                                                        
WRI$_ADV_SQLT_RTN_PLAN                                                          
WRI$_SQLSET_DEFINITIONS                                                         
WRI$_SQLSET_REFERENCES                                                          
WRI$_SQLSET_STATEMENTS                                                          
WRI$_SQLSET_PLANS                                                               
WRI$_SQLSET_PLANS_TOCAP                                                         

TABLE_NAME                                                                      
------------------------------                                                  
WRI$_SQLSET_STS_TOPACK                                                          
WRI$_SQLSET_STATISTICS                                                          
WRI$_SQLSET_MASK                                                                
WRI$_SQLSET_PLAN_LINES                                                          
WRI$_SQLSET_BINDS                                                               
WRI$_SQLSET_WORKSPACE                                                           
WRI$_SQLSET_WORKSPACE_PLANS                                                     
WRI$_SQLMON_USAGE                                                               
WRH$_FILESTATXS                                                                 
WRH$_FILESTATXS_BL                                                              
WRH$_TEMPSTATXS                                                                 

TABLE_NAME                                                                      
------------------------------                                                  
WRH$_DATAFILE                                                                   
WRH$_TEMPFILE                                                                   
WRH$_COMP_IOSTAT                                                                
WRH$_IOSTAT_FUNCTION                                                            
WRH$_IOSTAT_FUNCTION_NAME                                                       
WRH$_IOSTAT_FILETYPE                                                            
WRH$_IOSTAT_FILETYPE_NAME                                                       
WRH$_IOSTAT_DETAIL                                                              
WRH$_SQLSTAT                                                                    
WRH$_SQLSTAT_BL                                                                 
WRH$_SQLTEXT                                                                    

TABLE_NAME                                                                      
------------------------------                                                  
WRH$_SQL_SUMMARY                                                                
WRH$_SQL_PLAN                                                                   
WRH$_SQL_BIND_METADATA                                                          
WRH$_OPTIMIZER_ENV                                                              
WRH$_SYSTEM_EVENT                                                               
WRH$_SYSTEM_EVENT_BL                                                            
WRH$_EVENT_NAME                                                                 
WRH$_LATCH_NAME                                                                 
WRH$_BG_EVENT_SUMMARY                                                           
WRH$_WAITSTAT                                                                   
WRH$_WAITSTAT_BL                                                                

TABLE_NAME                                                                      
------------------------------                                                  
WRH$_ENQUEUE_STAT                                                               
WRH$_LATCH                                                                      
WRH$_LATCH_BL                                                                   
WRH$_LATCH_CHILDREN                                                             
WRH$_LATCH_CHILDREN_BL                                                          
WRH$_LATCH_PARENT                                                               
WRH$_LATCH_PARENT_BL                                                            
WRH$_LATCH_MISSES_SUMMARY                                                       
WRH$_LATCH_MISSES_SUMMARY_BL                                                    
WRH$_EVENT_HISTOGRAM                                                            
WRH$_EVENT_HISTOGRAM_BL                                                         

TABLE_NAME                                                                      
------------------------------                                                  
WRH$_MUTEX_SLEEP                                                                
WRH$_LIBRARYCACHE                                                               
WRH$_DB_CACHE_ADVICE                                                            
WRH$_DB_CACHE_ADVICE_BL                                                         
WRH$_BUFFER_POOL_STATISTICS                                                     
WRH$_ROWCACHE_SUMMARY                                                           
WRH$_ROWCACHE_SUMMARY_BL                                                        
WRH$_SGA                                                                        
WRH$_SGASTAT                                                                    
WRH$_SGASTAT_BL                                                                 
WRH$_PGASTAT                                                                    

TABLE_NAME                                                                      
------------------------------                                                  
WRH$_PROCESS_MEMORY_SUMMARY                                                     
WRH$_RESOURCE_LIMIT                                                             
WRH$_SHARED_POOL_ADVICE                                                         
WRH$_STREAMS_POOL_ADVICE                                                        
WRH$_SQL_WORKAREA_HISTOGRAM                                                     
WRH$_PGA_TARGET_ADVICE                                                          
WRH$_SGA_TARGET_ADVICE                                                          
WRH$_MEMORY_TARGET_ADVICE                                                       
WRH$_MEMORY_RESIZE_OPS                                                          
WRH$_INSTANCE_RECOVERY                                                          
WRH$_JAVA_POOL_ADVICE                                                           

TABLE_NAME                                                                      
------------------------------                                                  
WRH$_THREAD                                                                     
WRH$_SYSSTAT                                                                    
WRH$_SYSSTAT_BL                                                                 
WRH$_SYS_TIME_MODEL                                                             
WRH$_SYS_TIME_MODEL_BL                                                          
WRH$_OSSTAT                                                                     
WRH$_OSSTAT_BL                                                                  
WRH$_PARAMETER                                                                  
WRH$_PARAMETER_BL                                                               
WRH$_STAT_NAME                                                                  
WRH$_OSSTAT_NAME                                                                

TABLE_NAME                                                                      
------------------------------                                                  
WRH$_PARAMETER_NAME                                                             
WRH$_PLAN_OPERATION_NAME                                                        
WRH$_PLAN_OPTION_NAME                                                           
WRH$_SQLCOMMAND_NAME                                                            
WRH$_TOPLEVELCALL_NAME                                                          
WRH$_UNDOSTAT                                                                   
WRH$_SEG_STAT                                                                   
WRH$_SEG_STAT_BL                                                                
WRH$_SEG_STAT_OBJ                                                               
WRH$_METRIC_NAME                                                                
WRH$_SYSMETRIC_HISTORY                                                          

TABLE_NAME                                                                      
------------------------------                                                  
WRH$_SYSMETRIC_SUMMARY                                                          
WRH$_SESSMETRIC_HISTORY                                                         
WRH$_FILEMETRIC_HISTORY                                                         
WRH$_WAITCLASSMETRIC_HISTORY                                                    
WRH$_DLM_MISC                                                                   
WRH$_DLM_MISC_BL                                                                
WRH$_CR_BLOCK_SERVER                                                            
WRH$_CURRENT_BLOCK_SERVER                                                       
WRH$_INST_CACHE_TRANSFER                                                        
WRH$_INST_CACHE_TRANSFER_BL                                                     
WRH$_ACTIVE_SESSION_HISTORY                                                     

TABLE_NAME                                                                      
------------------------------                                                  
WRH$_ACTIVE_SESSION_HISTORY_BL                                                  
WRH$_TABLESPACE_STAT                                                            
WRH$_TABLESPACE_STAT_BL                                                         
WRH$_LOG                                                                        
WRH$_MTTR_TARGET_ADVICE                                                         
WRH$_TABLESPACE_SPACE_USAGE                                                     
WRH$_SERVICE_NAME                                                               
WRH$_SERVICE_STAT                                                               
WRH$_SERVICE_STAT_BL                                                            
WRH$_SERVICE_WAIT_CLASS                                                         
WRH$_SERVICE_WAIT_CLASS_BL                                                      

TABLE_NAME                                                                      
------------------------------                                                  
WRH$_SESS_TIME_STATS                                                            
WRH$_STREAMS_CAPTURE                                                            
WRH$_STREAMS_APPLY_SUM                                                          
WRH$_BUFFERED_QUEUES                                                            
WRH$_BUFFERED_SUBSCRIBERS                                                       
WRH$_PERSISTENT_QUEUES                                                          
WRH$_PERSISTENT_SUBSCRIBERS                                                     
WRH$_RULE_SET                                                                   
WRI$_SCH_CONTROL                                                                
WRI$_SCH_VOTES                                                                  
WRH$_RSRC_CONSUMER_GROUP                                                        

TABLE_NAME                                                                      
------------------------------                                                  
WRH$_RSRC_PLAN                                                                  
WRH$_CLUSTER_INTERCON                                                           
WRH$_IC_DEVICE_STATS                                                            
WRH$_IC_CLIENT_STATS                                                            
WRH$_MEM_DYNAMIC_COMP                                                           
WRH$_INTERCONNECT_PINGS                                                         
WRH$_INTERCONNECT_PINGS_BL                                                      
WRH$_DISPATCHER                                                                 
WRH$_SHARED_SERVER_SUMMARY                                                      
WRH$_DYN_REMASTER_STATS                                                         
WRM$_WR_USAGE                                                                   

TABLE_NAME                                                                      
------------------------------                                                  
WRM$_DATABASE_INSTANCE                                                          
WRM$_SNAPSHOT                                                                   
WRM$_SNAP_ERROR                                                                 
WRM$_BASELINE                                                                   
WRM$_COLORED_SQL                                                                
WRM$_BASELINE_DETAILS                                                           
WRM$_BASELINE_TEMPLATE                                                          
WRM$_WR_CONTROL                                                                 
WRR$_FILTERS                                                                    
WRR$_CAPTURES                                                                   
WRR$_CAPTURE_STATS                                                              

TABLE_NAME                                                                      
------------------------------                                                  
WRR$_CAPTURE_UC_GRAPH                                                           
WRR$_REPLAYS                                                                    
WRR$_REPLAY_STATS                                                               
WRR$_REPLAY_DIVERGENCE                                                          
WRR$_REPLAY_UC_GRAPH                                                            
WRR$_REPLAY_SCN_ORDER                                                           
WRR$_REPLAY_SEQ_DATA                                                            
WRR$_REPLAY_DATA                                                                
WRR$_CONNECTION_MAP                                                             
WRR$_REPLAY_SQL_TEXT                                                            
WRR$_REPLAY_SQL_BINDS                                                           

TABLE_NAME                                                                      
------------------------------                                                  
WRR$_SEQUENCE_EXCEPTIONS                                                        
WRR$_REPLAY_CALL_FILTER                                                         
WRR$_REPLAY_FILTER_SET                                                          
WRR$_REPLAY_DEP_GRAPH                                                           
WRR$_REPLAY_COMMITS                                                             
WRR$_REPLAY_REFERENCES                                                          
WRI$_ADV_SQLW_SUM                                                               
WRI$_ADV_SQLW_STMTS                                                             
WRI$_ADV_SQLW_TABLES                                                            
WRI$_ADV_SQLW_TABVOL                                                            
WRI$_ADV_SQLW_COLVOL                                                            

TABLE_NAME                                                                      
------------------------------                                                  
WRI$_ADV_SQLA_MAP                                                               
WRI$_ADV_SQLA_SUM                                                               
WRI$_ADV_SQLA_STMTS                                                             
WRI$_ADV_SQLA_TABLES                                                            
WRI$_ADV_SQLA_TABVOL                                                            
WRI$_ADV_SQLA_COLVOL                                                            
WRI$_ADV_SQLA_TMP                                                               
WRI$_ADV_SQLA_FAKE_REG                                                          
DEF$_ERROR                                                                      
DEF$_DESTINATION                                                                
DEF$_CALLDEST                                                                   

TABLE_NAME                                                                      
------------------------------                                                  
DEF$_DEFAULTDEST                                                                
DEF$_LOB                                                                        
DEF$_PROPAGATOR                                                                 
DEF$_ORIGIN                                                                     
DEF$_PUSHED_TRANSACTIONS                                                        
REPCAT$_REPCAT                                                                  
REPCAT$_FLAVORS                                                                 
REPCAT$_REPSCHEMA                                                               
REPCAT$_SNAPGROUP                                                               
REPCAT$_REPOBJECT                                                               
REPCAT$_REPCOLUMN                                                               

TABLE_NAME                                                                      
------------------------------                                                  
REPCAT$_KEY_COLUMNS                                                             
REPCAT$_GENERATED                                                               
REPCAT$_REPPROP                                                                 
REPCAT$_REPCATLOG                                                               
REPCAT$_DDL                                                                     
REPCAT$_REPGROUP_PRIVS                                                          
REPCAT$_PRIORITY_GROUP                                                          
REPCAT$_PRIORITY                                                                
REPCAT$_COLUMN_GROUP                                                            
REPCAT$_GROUPED_COLUMN                                                          
REPCAT$_CONFLICT                                                                

TABLE_NAME                                                                      
------------------------------                                                  
REPCAT$_RESOLUTION_METHOD                                                       
REPCAT$_RESOLUTION                                                              
REPCAT$_RESOLUTION_STATISTICS                                                   
REPCAT$_RESOL_STATS_CONTROL                                                     
REPCAT$_PARAMETER_COLUMN                                                        
REPCAT$_AUDIT_ATTRIBUTE                                                         
REPCAT$_AUDIT_COLUMN                                                            
REPCAT$_FLAVOR_OBJECTS                                                          
REPCAT$_TEMPLATE_STATUS                                                         
REPCAT$_TEMPLATE_TYPES                                                          
REPCAT$_REFRESH_TEMPLATES                                                       

TABLE_NAME                                                                      
------------------------------                                                  
REPCAT$_USER_AUTHORIZATIONS                                                     
REPCAT$_OBJECT_TYPES                                                            
REPCAT$_TEMPLATE_REFGROUPS                                                      
REPCAT$_TEMPLATE_OBJECTS                                                        
REPCAT$_TEMPLATE_PARMS                                                          
REPCAT$_OBJECT_PARMS                                                            
REPCAT$_USER_PARM_VALUES                                                        
REPCAT$_TEMPLATE_SITES                                                          
REPCAT$_SITE_OBJECTS                                                            
REPCAT$_RUNTIME_PARMS                                                           
REPCAT$_TEMPLATE_TARGETS                                                        

TABLE_NAME                                                                      
------------------------------                                                  
REPCAT$_EXCEPTIONS                                                              
REPCAT$_INSTANTIATION_DDL                                                       
REPCAT$_EXTENSION                                                               
REPCAT$_SITES_NEW                                                               
LOGMNR_DICTSTATE$                                                               
LOGMNRC_GTLO                                                                    
LOGMNRC_GTCS                                                                    
LOGMNRC_GSII                                                                    
LOGMNRC_GSBA                                                                    
LOGMNR_SEED$                                                                    
LOGMNR_DICTIONARY$                                                              

TABLE_NAME                                                                      
------------------------------                                                  
LOGMNR_OBJ$                                                                     
LOGMNR_TAB$                                                                     
LOGMNR_COL$                                                                     
LOGMNR_ATTRCOL$                                                                 
LOGMNR_TS$                                                                      
LOGMNR_IND$                                                                     
LOGMNR_USER$                                                                    
LOGMNR_TABPART$                                                                 
LOGMNR_TABSUBPART$                                                              
LOGMNR_TABCOMPART$                                                              
LOGMNR_TYPE$                                                                    

TABLE_NAME                                                                      
------------------------------                                                  
LOGMNR_COLTYPE$                                                                 
LOGMNR_ATTRIBUTE$                                                               
LOGMNR_LOB$                                                                     
LOGMNR_CDEF$                                                                    
LOGMNR_CCOL$                                                                    
LOGMNR_ICOL$                                                                    
LOGMNR_LOBFRAG$                                                                 
LOGMNR_INDPART$                                                                 
LOGMNR_INDSUBPART$                                                              
LOGMNR_INDCOMPART$                                                              
LOGMNR_LOGMNR_BUILDLOG                                                          

TABLE_NAME                                                                      
------------------------------                                                  
LOGMNR_NTAB$                                                                    
LOGMNR_OPQTYPE$                                                                 
LOGMNR_SUBCOLTYPE$                                                              
LOGMNR_KOPM$                                                                    
LOGMNR_PROPS$                                                                   
LOGMNR_ENC$                                                                     
LOGMNR_REFCON$                                                                  
LOGMNR_PARTOBJ$                                                                 
LOGMNRP_CTAS_PART_MAP                                                           
DBMS_PARALLEL_EXECUTE_TASK$                                                     
DBMS_PARALLEL_EXECUTE_CHUNKS$                                                   

TABLE_NAME                                                                      
------------------------------                                                  
DBFS$_STORES                                                                    
DBFS$_MOUNTS                                                                    
DBFS$_STATS                                                                     
DBFS_SFS$_TAB                                                                   
DBFS_SFS$_VOL                                                                   
DBFS_SFS$_SNAP                                                                  
DBFS_SFS$_FS                                                                    
DBFS_SFS$_FST                                                                   
DBFS_SFS$_FSTP                                                                  
DBFS_SFS$_FSTO                                                                  
DBFS_HS$_FS                                                                     

TABLE_NAME                                                                      
------------------------------                                                  
DBFS_HS$_PROPERTY                                                               
DBFS_HS$_SFLOCATORTABLE                                                         
DBFS_HS$_BACKUPFILETABLE                                                        
DBFS_HS$_CONTENTFNMAPTBL                                                        
DBFS_HS$_STORECOMMANDS                                                          
DBFS_HS$_STOREID2POLICYCTX                                                      
DBFS_HS$_STOREPROPERTIES                                                        
DBFS_HS$_STOREIDTABLE                                                           
ODCI_SECOBJ$                                                                    
ODCI_WARNINGS$                                                                  
ODCI_PMO_ROWIDS$                                                                

TABLE_NAME                                                                      
------------------------------                                                  
TTS_TBS$                                                                        
TTS_USR$                                                                        
TTS_ERROR$                                                                      
SQL_TK_COLL_CHK$                                                                
SQL_TK_ROW_CHK$                                                                 
SQL_TK_REF_CHK$                                                                 
SQL_TK_TAB_DESC$                                                                
LOGSTDBY$PARAMETERS                                                             
LOGSTDBY$EVENTS                                                                 
LOGSTDBY$APPLY_PROGRESS                                                         
LOGSTDBY$APPLY_MILESTONE                                                        

TABLE_NAME                                                                      
------------------------------                                                  
LOGSTDBY$SCN                                                                    
LOGSTDBY$FLASHBACK_SCN                                                          
LOGSTDBY$PLSQL                                                                  
LOGSTDBY$SKIP_TRANSACTION                                                       
LOGSTDBY$SKIP                                                                   
LOGSTDBY$SKIP_SUPPORT                                                           
LOGSTDBY$HISTORY                                                                
LOGSTDBY$EDS_TABLES                                                             
STREAMS$_APPLY_SPILL_MESSAGES                                                   
STREAMS$_APPLY_SPILL_MSGS_PART                                                  
STREAMS$_COMPONENT_IN                                                           

TABLE_NAME                                                                      
------------------------------                                                  
STREAMS$_COMPONENT_LINK_IN                                                      
STREAMS$_COMPONENT_PROP_IN                                                      
STREAMS$_COMPONENT_STAT_IN                                                      
STREAMS$_COMPONENT_EVENT_IN                                                     
STREAMS$_LOCAL_FINDINGS_IN                                                      
STREAMS$_LOCAL_RECS_IN                                                          
STREAMS$_LOCAL_ACTIONS_IN                                                       
STREAMS$_COMPONENT_STAT_OUT                                                     
STREAMS$_PATH_STAT_OUT                                                          
STREAMS$_PATH_BOTTLENECK_OUT                                                    
STREAMS$_INTERNAL_TRANSFORM                                                     

TABLE_NAME                                                                      
------------------------------                                                  
DBMS_LOCK_ALLOCATED                                                             
DBMS_ALERT_INFO                                                                 
SCHEDULER$_EVENT_QTAB                                                           
AQ$_SCHEDULER$_EVENT_QTAB_S                                                     
AQ$_SCHEDULER$_EVENT_QTAB_T                                                     
AQ$_SCHEDULER$_EVENT_QTAB_H                                                     
AQ$_SCHEDULER$_EVENT_QTAB_L                                                     
SYS_IOT_OVER_12214                                                              
AQ$_SCHEDULER$_EVENT_QTAB_G                                                     
AQ$_SCHEDULER$_EVENT_QTAB_I                                                     
SCHEDULER$_REMDB_JOBQTAB                                                        

TABLE_NAME                                                                      
------------------------------                                                  
AQ$_SCHEDULER$_REMDB_JOBQTAB_S                                                  
AQ$_SCHEDULER$_REMDB_JOBQTAB_T                                                  
AQ$_SCHEDULER$_REMDB_JOBQTAB_H                                                  
AQ$_SCHEDULER$_REMDB_JOBQTAB_L                                                  
SYS_IOT_OVER_12248                                                              
AQ$_SCHEDULER$_REMDB_JOBQTAB_G                                                  
AQ$_SCHEDULER$_REMDB_JOBQTAB_I                                                  
SCHEDULER_FILEWATCHER_QT                                                        
AQ$_SCHEDULER_FILEWATCHER_QT_S                                                  
AQ$_SCHEDULER_FILEWATCHER_QT_T                                                  
AQ$_SCHEDULER_FILEWATCHER_QT_H                                                  

TABLE_NAME                                                                      
------------------------------                                                  
AQ$_SCHEDULER_FILEWATCHER_QT_L                                                  
SYS_IOT_OVER_12278                                                              
AQ$_SCHEDULER_FILEWATCHER_QT_G                                                  
AQ$_SCHEDULER_FILEWATCHER_QT_I                                                  
ALERT_QT                                                                        
AQ$_ALERT_QT_S                                                                  
AQ$_ALERT_QT_T                                                                  
AQ$_ALERT_QT_H                                                                  
AQ$_ALERT_QT_L                                                                  
SYS_IOT_OVER_12334                                                              
AQ$_ALERT_QT_G                                                                  

TABLE_NAME                                                                      
------------------------------                                                  
AQ$_ALERT_QT_I                                                                  
HS$_FDS_CLASS                                                                   
HS$_FDS_INST                                                                    
HS$_BASE_CAPS                                                                   
HS$_CLASS_CAPS                                                                  
HS$_INST_CAPS                                                                   
HS$_BASE_DD                                                                     
HS$_CLASS_DD                                                                    
HS$_INST_DD                                                                     
HS$_CLASS_INIT                                                                  
HS$_INST_INIT                                                                   

TABLE_NAME                                                                      
------------------------------                                                  
HS$_FDS_CLASS_DATE                                                              
HS_BULKLOAD_VIEW_OBJ                                                            
HS$_PARALLEL_METADATA                                                           
HS_PARTITION_COL_NAME                                                           
HS_PARTITION_COL_TYPE                                                           
HS$_PARALLEL_PARTITION_DATA                                                     
HS$_PARALLEL_HISTOGRAM_DATA                                                     
HS$_PARALLEL_SAMPLE_DATA                                                        
AQ$_MEM_MC                                                                      
AQ$_AQ$_MEM_MC_S                                                                
AQ$_AQ$_MEM_MC_T                                                                

TABLE_NAME                                                                      
------------------------------                                                  
AQ$_AQ$_MEM_MC_H                                                                
AQ$_AQ$_MEM_MC_L                                                                
SYS_IOT_OVER_12537                                                              
AQ$_AQ$_MEM_MC_G                                                                
AQ$_AQ$_MEM_MC_I                                                                
AQ_EVENT_TABLE                                                                  
AQ_PROP_TABLE                                                                   
AQ$_AQ_PROP_TABLE_S                                                             
AQ$_AQ_PROP_TABLE_T                                                             
AQ$_AQ_PROP_TABLE_H                                                             
AQ$_AQ_PROP_TABLE_L                                                             

TABLE_NAME                                                                      
------------------------------                                                  
SYS_IOT_OVER_12573                                                              
AQ$_AQ_PROP_TABLE_G                                                             
AQ$_AQ_PROP_TABLE_I                                                             
ORDERS_QUEUETABLE                                                               
AQ$_ORDERS_QUEUETABLE_S                                                         
AQ$_ORDERS_QUEUETABLE_T                                                         
AQ$_ORDERS_QUEUETABLE_H                                                         
AQ$_ORDERS_QUEUETABLE_L                                                         
SYS_IOT_OVER_74057                                                              
AQ$_ORDERS_QUEUETABLE_G                                                         
AQ$_ORDERS_QUEUETABLE_I                                                         

TABLE_NAME                                                                      
------------------------------                                                  
STREAMS_QUEUE_TABLE                                                             
AQ$_STREAMS_QUEUE_TABLE_S                                                       
AQ$_STREAMS_QUEUE_TABLE_T                                                       
AQ$_STREAMS_QUEUE_TABLE_H                                                       
AQ$_STREAMS_QUEUE_TABLE_L                                                       
SYS_IOT_OVER_74075                                                              
AQ$_STREAMS_QUEUE_TABLE_G                                                       
AQ$_STREAMS_QUEUE_TABLE_I                                                       
AQ$_STREAMS_QUEUE_TABLE_C                                                       
PRINT_MEDIA                                                                     
IMPDP_STATS                                                                     

TABLE_NAME                                                                      
------------------------------                                                  
KU$_DATAPUMP_MASTER_11_2                                                        
KU$_DATAPUMP_MASTER_11_1_0_7                                                    
KU$_DATAPUMP_MASTER_11_1                                                        
KU$_DATAPUMP_MASTER_10_1                                                        
KUPC$DATAPUMP_QUETAB                                                            
AQ$_KUPC$DATAPUMP_QUETAB_S                                                      
AQ$_KUPC$DATAPUMP_QUETAB_T                                                      
AQ$_KUPC$DATAPUMP_QUETAB_H                                                      
AQ$_KUPC$DATAPUMP_QUETAB_L                                                      
SYS_IOT_OVER_12752                                                              
AQ$_KUPC$DATAPUMP_QUETAB_G                                                      

TABLE_NAME                                                                      
------------------------------                                                  
AQ$_KUPC$DATAPUMP_QUETAB_I                                                      
DEF$_AQCALL                                                                     
DEF$_AQERROR                                                                    
SYS$SERVICE_METRICS_TAB                                                         
AQ$_SYS$SERVICE_METRICS_TAB_S                                                   
AQ$_SYS$SERVICE_METRICS_TAB_T                                                   
AQ$_SYS$SERVICE_METRICS_TAB_H                                                   
AQ$_SYS$SERVICE_METRICS_TAB_L                                                   
SYS_IOT_OVER_12875                                                              
AQ$_SYS$SERVICE_METRICS_TAB_G                                                   
AQ$_SYS$SERVICE_METRICS_TAB_I                                                   

TABLE_NAME                                                                      
------------------------------                                                  
MGMT_SNAPSHOT                                                                   
MGMT_SNAPSHOT_SQL                                                               
MGMT_BASELINE                                                                   
MGMT_BASELINE_SQL                                                               
MGMT_CAPTURE                                                                    
MGMT_CAPTURE_SQL                                                                
MGMT_RESPONSE_CONFIG                                                            
MGMT_LATEST                                                                     
MGMT_LATEST_SQL                                                                 
MGMT_HISTORY                                                                    
MGMT_HISTORY_SQL                                                                

TABLE_NAME                                                                      
------------------------------                                                  
MGMT_TEMPT_SQL                                                                  
BSLN_METRIC_DEFAULTS                                                            
BSLN_TIMEGROUPS                                                                 
BSLN_BASELINES                                                                  
BSLN_STATISTICS                                                                 
BSLN_THRESHOLD_PARAMS                                                           
MGMT_DB_FILE_GTT                                                                
MGMT_DB_SIZE_GTT                                                                
MGMT_DB_FEATURE_LOG                                                             
WLM_METRICS_STREAM                                                              
WLM_CLASSIFIER_PLAN                                                             

TABLE_NAME                                                                      
------------------------------                                                  
WM$RIC_TABLE                                                                    
WM$RIC_TRIGGERS_TABLE                                                           
WM$INSTEADOF_TRIGS_TABLE                                                        
WM$WORKSPACES_TABLE                                                             
WM$VERSION_TABLE                                                                
WM$NEXTVER_TABLE                                                                
WM$VERSION_HIERARCHY_TABLE                                                      
WM$VERSIONED_TABLES                                                             
WM$WORKSPACE_PRIV_TABLE                                                         
WM$WORKSPACE_SAVEPOINTS_TABLE                                                   
WM$MODIFIED_TABLES                                                              

TABLE_NAME                                                                      
------------------------------                                                  
WM$ADT_FUNC_TABLE                                                               
WM$UDTRIG_INFO                                                                  
WM$UDTRIG_DISPATCH_PROCS                                                        
WM$RESOLVE_WORKSPACES_TABLE                                                     
WM$ENV_VARS                                                                     
WM$LOCKROWS_INFO                                                                
WM$MW_TABLE                                                                     
WM$VT_ERRORS_TABLE                                                              
WM$TMP_DBA_CONSTRAINTS                                                          
WM$REPLICATION_TABLE                                                            
WM$NESTED_COLUMNS_TABLE                                                         

TABLE_NAME                                                                      
------------------------------                                                  
WM$CONSTRAINTS_TABLE                                                            
WM$CONS_COLUMNS                                                                 
WM$SYSPARAM_ALL_VALUES                                                          
WM$MP_PARENT_WORKSPACES_TABLE                                                   
WM$MP_GRAPH_WORKSPACES_TABLE                                                    
WM$RIC_LOCKING_TABLE                                                            
WM$EVENT_QUEUE_TABLE                                                            
AQ$_WM$EVENT_QUEUE_TABLE_S                                                      
AQ$_WM$EVENT_QUEUE_TABLE_T                                                      
AQ$_WM$EVENT_QUEUE_TABLE_H                                                      
AQ$_WM$EVENT_QUEUE_TABLE_L                                                      

TABLE_NAME                                                                      
------------------------------                                                  
SYS_IOT_OVER_13393                                                              
AQ$_WM$EVENT_QUEUE_TABLE_G                                                      
AQ$_WM$EVENT_QUEUE_TABLE_I                                                      
WM$EVENTS_INFO                                                                  
WM$BATCH_COMPRESSIBLE_TABLES                                                    
WM$REPLICATION_DETAILS_TABLE                                                    
WM$LOG_TABLE                                                                    
WM$LOG_TABLE_ERRORS                                                             
WM$REMOVED_WORKSPACES_TABLE                                                     
WM$HINT_TABLE                                                                   
SQLPLUS_PRODUCT_PROFILE                                                         

TABLE_NAME                                                                      
------------------------------                                                  
HELP                                                                            
JAVA$JVM$STATUS                                                                 
JAVA$JVM$STEPS$DONE                                                             
JAVA$RMJVM$AUX                                                                  
JAVA$RMJVM$AUX2                                                                 
JAVA$RMJVM$AUX3                                                                 
JAVAJAR$                                                                        
JAVAJAROBJECTS$                                                                 
JAVA$JVM$RUNTIME$PARAMETERS                                                     
JAVA$JVM$RJBC                                                                   
JAVA$MC$                                                                        

TABLE_NAME                                                                      
------------------------------                                                  
JAVA$MC$DEPS                                                                    
JAVA$METHOD$METADATA                                                            
JAVA$COMPILER$OPTIONS                                                           
JAVA$RUNTIME$EXEC$USER$                                                         
JAVANEGDEPS$                                                                    
JAVA$POLICY$                                                                    
JAVA$POLICY$SHARED$TABLE                                                        
JAVA$PREFS$                                                                     
EXF$VERSION                                                                     
EXF$PARAMETER                                                                   
EXF$JAVAMSG                                                                     

TABLE_NAME                                                                      
------------------------------                                                  
EXF$ATTRSET                                                                     
EXF$EXPRSET                                                                     
EXF$EXPSETPRIVS                                                                 
SYS_IOT_OVER_55263                                                              
EXF$ATTRLIST                                                                    
EXF$DEFIDXPARAM                                                                 
EXF$ESETIDXPARAM                                                                
EXF$ASUDFLIST                                                                   
SYS_IOT_OVER_55273                                                              
EXF$IDXSECOBJ                                                                   
EXF$PREDATTRMAP                                                                 

TABLE_NAME                                                                      
------------------------------                                                  
EXF$EXPSETSTATS                                                                 
EXF$VALIDIOPER                                                                  
EXF$VALIDPRIVS                                                                  
EXF$PLAN_TABLE                                                                  
DR$PARAMETER                                                                    
DR$CLASS                                                                        
DR$OBJECT                                                                       
DR$OBJECT_ATTRIBUTE                                                             
DR$OBJECT_ATTRIBUTE_LOV                                                         
DR$PREFERENCE                                                                   
DR$PREFERENCE_VALUE                                                             

TABLE_NAME                                                                      
------------------------------                                                  
DR$INDEX                                                                        
DR$INDEX_PARTITION                                                              
DR$INDEX_VALUE                                                                  
DR$POLICY_TAB                                                                   
DR$INDEX_OBJECT                                                                 
SYS_IOT_OVER_55427                                                              
DR$SQE                                                                          
DR$THS                                                                          
DR$THS_PHRASE                                                                   
DR$THS_FPHRASE                                                                  
DR$THS_BT                                                                       

TABLE_NAME                                                                      
------------------------------                                                  
DR$SECTION_GROUP                                                                
DR$SECTION                                                                      
DR$STOPLIST                                                                     
DR$STOPWORD                                                                     
DR$SUB_LEXER                                                                    
DR$INDEX_SET                                                                    
DR$INDEX_SET_INDEX                                                              
DR$PENDING                                                                      
DR$WAITING                                                                      
DR$ONLINE_PENDING                                                               
DR$DELETE                                                                       

TABLE_NAME                                                                      
------------------------------                                                  
DR$UNINDEXED                                                                    
DR$INDEX_ERROR                                                                  
SYS_IOT_OVER_55474                                                              
DR$PARALLEL                                                                     
DR$STATS                                                                        
DR$NUMBER_SEQUENCE                                                              
DR$DBO                                                                          
DR$NVTAB                                                                        
DR$INDEX_CDI_COLUMN                                                             
DR$SDATA_UPDATE                                                                 
DR$FEATURE_USED                                                                 

TABLE_NAME                                                                      
------------------------------                                                  
DR$FREQTOKS                                                                     
DR$SLOWQRYS                                                                     
DR$ACTIVELOGS                                                                   
DR$USER_EXTRACT_RULE                                                            
DR$USER_EXTRACT_STOP_ENTITY                                                     
DR$USER_EXTRACT_TKDICT                                                          
DR$USER_EXTRACT_ENTDICT                                                         
XDB_INSTALLATION_TAB                                                            
XDB$ROOT_INFO                                                                   
XDB$XDB_READY                                                                   
XDB$H_INDEX                                                                     

TABLE_NAME                                                                      
------------------------------                                                  
XDB$D_LINK                                                                      
XDB$COLUMN_INFO                                                                 
XDB$PATH_INDEX_PARAMS                                                           
XDB$TTSET                                                                       
X$NM4O5GVJW67C95OB541F393D17GP                                                  
X$QN4O5GVJW67C95OB541F393D17GP                                                  
X$PT4O5GVJW67C95OB541F393D17GP                                                  
APP_USERS_AND_ROLES                                                             
APP_ROLE_MEMBERSHIP                                                             
SYS_NTYkUI4OY1RZaCAquTEdYCtw==                                                  
XDB$WORKSPACE                                                                   

TABLE_NAME                                                                      
------------------------------                                                  
XDB$CHECKOUTS                                                                   
SYS_NTg8d8ndweQT6nwYudBukkMg==                                                  
SYS_NTbdZNFJftQWmq3B57MqXULg==                                                  
SYS_NT+4L6mXBfTHSYIwswa7bmVg==                                                  
XDB$DXPTAB                                                                      
XDB$XIDX_IMP_T                                                                  
XDB$XIDX_PARAM_T                                                                
XDB$XTAB                                                                        
XDB$XTABNMSP                                                                    
XDB$XTABCOLS                                                                    
XDB$NONCEKEY                                                                    

TABLE_NAME                                                                      
------------------------------                                                  
EPG$_AUTH                                                                       
XDB$REPOS                                                                       
XDB$MOUNTS                                                                      
XDBACL_PATH_TAB                                                                 
MIGR9202STATUS                                                                  
XS$CACHE_ACTIONS                                                                
XS$CACHE_DELETE                                                                 
NET$_ACL                                                                        
WALLET$_ACL                                                                     
PRIN_PT                                                                         
SC_PT                                                                           

TABLE_NAME                                                                      
------------------------------                                                  
SYS_IOT_OVER_57248                                                              
RLM$ERRCODE                                                                     
RLM$RULESETSTCODE                                                               
RLM$EVENTSTRUCT                                                                 
SYS_IOT_OVER_57256                                                              
RLM$RULESET                                                                     
RLM$RULESETPRIVS                                                                
RLM$RSPRIMEVENTS                                                                
SYS_IOT_OVER_57263                                                              
RLM$PRIMEVTTYPEMAP                                                              
SYS_IOT_OVER_57266                                                              

TABLE_NAME                                                                      
------------------------------                                                  
RLM$EQUALSPEC                                                                   
SYS_IOT_OVER_57269                                                              
RLM$COLLGRPBYSPEC                                                               
RLM$ORDERCLSALS                                                                 
RLM$DMLEVTTRIGS                                                                 
RLM$VALIDPRIVS                                                                  
RLM$PARSEDCOND                                                                  
RLM$SCHACTLIST                                                                  
RLM$INCRRRSCHACT                                                                
RLM$SCHACTERRS                                                                  
SYS_IOT_OVER_57289                                                              

TABLE_NAME                                                                      
------------------------------                                                  
RLM$JOBQUEUE                                                                    
SYS_IOT_OVER_57292                                                              
RLM4J$EVTSTRUCTS                                                                
SYS_IOT_OVER_57295                                                              
RLM4J$RULESET                                                                   
SYS_IOT_OVER_57298                                                              
RLM4J$ATTRALIASES                                                               
ORD_USAGE_RECS                                                                  
SI_IMAGE_FORMATS_TAB                                                            
SI_FEATURES_TAB                                                                 
SI_VALUES_TAB                                                                   

TABLE_NAME                                                                      
------------------------------                                                  
ORDDCM_INTERNAL_TAGS                                                            
ORDDCM_DOC_TYPES                                                                
ORDDCM_INSTALL_DOCS                                                             
ORDDCM_DOCS                                                                     
ORDDCM_DOC_REFS                                                                 
ORDDCM_VR_DT_MAP                                                                
ORDDCM_STD_ATTRS                                                                
ORDDCM_PRV_ATTRS                                                                
ORDDCM_DICT_ATTRS                                                               
ORDDCM_CT_DAREFS                                                                
ORDDCM_MAPPING_DOCS                                                             

TABLE_NAME                                                                      
------------------------------                                                  
ORDDCM_MAPPED_PATHS                                                             
ORDDCM_ANON_RULE_TYPES                                                          
ORDDCM_ANON_ACTION_TYPES                                                        
ORDDCM_ANON_RULES                                                               
ORDDCM_ANON_ATTRS                                                               
ORDDCM_PREFS_LOOKUP                                                             
ORDDCM_PREFS_DEF_VALUES_TAB                                                     
ORDDCM_PREFS_VALID_VALUES_TAB                                                   
ORDDCM_RT_PREF_PARAMS                                                           
ORDDCM_UID_DEFS                                                                 
ORDDCM_STORED_TAGS                                                              

TABLE_NAME                                                                      
------------------------------                                                  
ORDDCM_DATA_MODEL                                                               
ORDDCM_CT_PRED                                                                  
ORDDCM_CT_PRED_OPRD                                                             
ORDDCM_CT_PRED_SET                                                              
ORDDCM_CT_MACRO_PAR                                                             
ORDDCM_CT_MACRO_DEP                                                             
ORDDCM_CT_PRED_PAR                                                              
ORDDCM_CT_ACTION                                                                
ORDDCM_CT_LOCATORPATHS                                                          
ORDDCM_CT_VLD_MSG                                                               
ORDDCM_DOCS_TMP                                                                 

TABLE_NAME                                                                      
------------------------------                                                  
ORDDCM_STD_ATTRS_TMP                                                            
ORDDCM_PRV_ATTRS_TMP                                                            
ORDDCM_DICT_ATTRS_TMP                                                           
ORDDCM_DOC_REFS_TMP                                                             
ORDDCM_CT_DAREFS_TMP                                                            
ORDDCM_MAPPING_DOCS_TMP                                                         
ORDDCM_MAPPED_PATHS_TMP                                                         
ORDDCM_ANON_RULES_TMP                                                           
ORDDCM_ANON_ATTRS_TMP                                                           
ORDDCM_RT_PREF_PARAMS_TMP                                                       
ORDDCM_UID_DEFS_TMP                                                             

TABLE_NAME                                                                      
------------------------------                                                  
ORDDCM_STORED_TAGS_TMP                                                          
ORDDCM_CT_PRED_TMP                                                              
ORDDCM_CT_PRED_OPRD_TMP                                                         
ORDDCM_CT_PRED_SET_TMP                                                          
ORDDCM_CT_PRED_PAR_TMP                                                          
ORDDCM_CT_LOCATORPATHS_TMP                                                      
ORDDCM_CT_ACTION_TMP                                                            
ORDDCM_DOCS_WRK                                                                 
ORDDCM_DOC_REFS_WRK                                                             
ORDDCM_STD_ATTRS_WRK                                                            
ORDDCM_PRV_ATTRS_WRK                                                            

TABLE_NAME                                                                      
------------------------------                                                  
ORDDCM_DICT_ATTRS_WRK                                                           
ORDDCM_CT_DAREFS_WRK                                                            
ORDDCM_MAPPING_DOCS_WRK                                                         
ORDDCM_MAPPED_PATHS_WRK                                                         
ORDDCM_ANON_RULES_WRK                                                           
ORDDCM_ANON_ATTRS_WRK                                                           
ORDDCM_RT_PREF_PARAMS_WRK                                                       
ORDDCM_UID_DEFS_WRK                                                             
ORDDCM_STORED_TAGS_WRK                                                          
ORDDCM_DATA_MODEL_WRK                                                           
ORDDCM_CT_PRED_WRK                                                              

TABLE_NAME                                                                      
------------------------------                                                  
ORDDCM_CT_PRED_OPRD_WRK                                                         
ORDDCM_CT_PRED_SET_WRK                                                          
ORDDCM_CT_MACRO_PAR_WRK                                                         
ORDDCM_CT_MACRO_DEP_WRK                                                         
ORDDCM_CT_PRED_PAR_WRK                                                          
ORDDCM_CT_LOCATORPATHS_WRK                                                      
ORDDCM_CT_ACTION_WRK                                                            
ORD_CARTRIDGE_COMPONENTS                                                        
SDO_GEOM_METADATA_TABLE                                                         
SDO_INDEX_METADATA_TABLE                                                        
SDO_LRS_METADATA_TABLE                                                          

TABLE_NAME                                                                      
------------------------------                                                  
SRSNAMESPACE_TABLE                                                              
SDO_TOPO_METADATA_TABLE                                                         
OGIS_SPATIAL_REFERENCE_SYSTEMS                                                  
OGIS_GEOMETRY_COLUMNS                                                           
SDO_UNITS_OF_MEASURE                                                            
SDO_PRIME_MERIDIANS                                                             
SDO_ELLIPSOIDS                                                                  
SDO_DATUMS                                                                      
SDO_COORD_SYS                                                                   
SDO_COORD_AXIS_NAMES                                                            
SDO_COORD_AXES                                                                  

TABLE_NAME                                                                      
------------------------------                                                  
SDO_COORD_REF_SYS                                                               
SDO_COORD_OP_METHODS                                                            
SDO_COORD_OPS                                                                   
SDO_PREFERRED_OPS_SYSTEM                                                        
SDO_PREFERRED_OPS_USER                                                          
SDO_COORD_OP_PATHS                                                              
SDO_COORD_OP_PARAMS                                                             
SDO_COORD_OP_PARAM_USE                                                          
SDO_COORD_OP_PARAM_VALS                                                         
SDO_CRS_GEOGRAPHIC_PLUS_HEIGHT                                                  
SDO_MAPS_TABLE                                                                  

TABLE_NAME                                                                      
------------------------------                                                  
SDO_STYLES_TABLE                                                                
SDO_THEMES_TABLE                                                                
SDO_CACHED_MAPS_TABLE                                                           
SDO_LIGHTSOURCES_TABLE                                                          
SDO_ANIMATIONS_TABLE                                                            
SDO_VIEWFRAMES_TABLE                                                            
SDO_SCENES_TABLE                                                                
SDO_3DTHEMES_TABLE                                                              
SDO_3DTXFMS_TABLE                                                               
SDO_XML_SCHEMAS                                                                 
SDO_ANNOTATION_TEXT_METADATA                                                    

TABLE_NAME                                                                      
------------------------------                                                  
AW$EXPRESS                                                                      
AW$AWMD                                                                         
AW$AWCREATE                                                                     
AW$AWCREATE10G                                                                  
AW$AWXML                                                                        
AW$AWREPORT                                                                     
OLAPTABLEVELS                                                                   
OLAPTABLEVELTUPLES                                                              
MVIEW$_ADV_INDEX                                                                
MVIEW$_ADV_PARTITION                                                            
MVIEW$_ADV_OWB                                                                  

TABLE_NAME                                                                      
------------------------------                                                  
SAM_SPARSITY_ADVICE                                                             
OLAPI_HISTORY                                                                   
OLAPI_SESSION_HISTORY                                                           
OLAPI_IFACE_OBJECT_HISTORY                                                      
OLAPI_IFACE_OP_HISTORY                                                          
OLAPI_MEMORY_OP_HISTORY                                                         
OLAPI_MEMORY_HEAP_HISTORY                                                       
CWM$HIERARCHY                                                                   
CWM$DIMENSIONATTRIBUTE                                                          
CWM$FUNCTION                                                                    
CWM$FACTUSE                                                                     

TABLE_NAME                                                                      
------------------------------                                                  
CWM$DOMAIN                                                                      
CWM$ARGUMENT                                                                    
CWM$MEASURE                                                                     
CWM$CLASSIFICATIONTYPE                                                          
CWM$PARAMETER                                                                   
CWM$CUBE                                                                        
CWM$LEVEL                                                                       
CWM$CUBEDIMENSIONUSE                                                            
CWM$FUNCTIONUSE                                                                 
CWM$CLASSIFICATIONENTRY                                                         
CWM$ITEMUSE                                                                     

TABLE_NAME                                                                      
------------------------------                                                  
CWM$PROJECT                                                                     
CWM$CLASSIFICATION                                                              
CWM$FACTTABLEMAP                                                                
CWM$MEASUREDIMENSIONUSE                                                         
CWM$FACTLEVELGROUP                                                              
CWM$MODEL                                                                       
CWM$LEVELATTRIBUTE                                                              
CWM$FACTLEVELUSE                                                                
CWM$DIMENSION                                                                   
CWM$OBJECTTYPE                                                                  
CWM$ITEMMAP                                                                     

TABLE_NAME                                                                      
------------------------------                                                  
CWM2$DIMENSION                                                                  
CWM2$LEVEL                                                                      
CWM2$HIERARCHY                                                                  
CWM2$HIERCUSTOMSORT                                                             
CWM2$HIERLEVELREL                                                               
CWM2$DIMENSIONATTRIBUTE                                                         
CWM2$LEVELATTRIBUTE                                                             
CWM2$LEVELATTRIBUTEMAP                                                          
CWM2$CUBE                                                                       
CWM2$MEASURE                                                                    
CWM2$CUBEDIMENSIONUSE                                                           

TABLE_NAME                                                                      
------------------------------                                                  
CWM2$DIMHIERLVLMAP                                                              
CWM2$AW_DIMENSIONMAP                                                            
CWM2$FACTDIMHIERMAP                                                             
CWM2$FACTDIMHIERTPLSDTL                                                         
CWM2$MEASURETABLEMAP                                                            
CWM2$FACTKEYDIMHIERMAP                                                          
CWM2$FACTKEYDIMHIERLVLMAP                                                       
CWM2$AW_MEASUREMAP                                                              
CWM2$STOREDDIMLVLTPLS                                                           
CWM2$STOREDDIMLVLTPLSDTL                                                        
CWM2$AWVIEWS                                                                    

TABLE_NAME                                                                      
------------------------------                                                  
CWM2$AWVIEWCOLS                                                                 
CWM2$OLAPMANAGERTABLE                                                           
CWM2$CLASSIFICATIONVALUEPAIR                                                    
XML_LOAD_RECORDS                                                                
XML_LOAD_LOG                                                                    
CWM2$_AW_NEXT_PERM_CUST_MEAS                                                    
CWM2$_AW_PERM_CUST_MEAS_MAP                                                     
CWM2$_AW_NEXT_TEMP_CUST_MEAS                                                    
CWM2$_AW_TEMP_CUST_MEAS_MAP                                                     
CWM2$_TEMP_VALUES                                                               
CWM2$AWDIMCREATEACCESS                                                          

TABLE_NAME                                                                      
------------------------------                                                  
CWM2$AWCUBECREATEACCESS                                                         
CWM2$AWDIMLOAD                                                                  
CWM2$AWDIMLOADFILTER                                                            
CWM2$AWDIMLOADPARM                                                              
CWM2$AWDIMLOADPARMVALUE                                                         
CWM2$AWDIMLOADTYPE                                                              
CWM2$AWCUBELOAD                                                                 
CWM2$AWCUBELOADFILTER                                                           
CWM2$AWCUBELOADPARM                                                             
CWM2$AWCUBELOADPARMVALUE                                                        
CWM2$AWCUBELOADTYPE                                                             

TABLE_NAME                                                                      
------------------------------                                                  
CWM2$AWCUBELOADMEASURE                                                          
CWM2$AWCUBELOADAGGPLAN                                                          
CWM2$AWCUBEAGG                                                                  
CWM2$AWCUBEAGGLEVEL                                                             
CWM2$AWCUBEAGGMEASURE                                                           
CWM2$AWCOMPOSITESPEC                                                            
CWM2$AWCOMPSPECMEMBERSHIP                                                       
CWM2$AWCUBECOMPPLAN                                                             
CWM2$OLAPVALIDATETABLE                                                          
CWM2$OLAPEXPORTCOMMANDTABLE                                                     
CWM2$OLAPEXPORTOBJECTTABLE                                                      

TABLE_NAME                                                                      
------------------------------                                                  
OLAP_SESSION_OBJECTS                                                            
OLAP_SESSION_DIMS                                                               
OLAP_SESSION_CUBES                                                              
CWM2$MRALL_AWVIEWS                                                              
CWM2$MRALL_AWVIEWCOLS                                                           
CWM2$MRALL_CATALOGS                                                             
CWM2$MRALL_CATALOG_ENTITY_USES                                                  
CWM2$MRALL_LISTDIMS                                                             
CWM2$MRALL_DIM_HIERS                                                            
CWM2$MRALL_HIERDIMS                                                             
CWM2$MRALL_DIM_HIER_LEVEL_USES                                                  

TABLE_NAME                                                                      
------------------------------                                                  
CWM2$MRALL_JOIN_KEY_COL_USES                                                    
CWM2$MRALL_DIM_ATTRIBUTES                                                       
CWM2$MRALL_ENTITY_DESC_USES                                                     
CWM2$MRALL_DESCRIPTORS                                                          
CWM2$MRALL_DIM_LEVEL_ATTR_MAPS                                                  
CWM2$MRALL_CUBE_MEASURES                                                        
CWM2$MRALL_FACTTBLKEYMAPS                                                       
CWM2$MRFACTTBLKEYMAPS                                                           
CWM2$MRALL_FACTTBLFCTMAPS                                                       
CWM2$MRFACTTBLFCTMAPS                                                           
CWM2$MRALL_HIERDIM_KEYCOL_MAP                                                   

TABLE_NAME                                                                      
------------------------------                                                  
CWM2$MRALL_HIER_CUSTOM_SORT                                                     
CWM2$MRALL_OLAP2_AGG_USES                                                       
CWM2$MRALL_CWM1_AGGOP                                                           
CWM2$MRALL_CWM1_AGGORD                                                          
CWM2$MRALL_ENTITY_PARAMETERS                                                    
CWM2$MRALL_ENTITY_EXT_PARMS                                                     
MRAC_OLAP2_AWS_T                                                                
MRAC_OLAP2_AW_MAP_DIM_USE_T                                                     
MRAC_OLAP2_AW_PHYS_OBJ_T                                                        
MRAC_OLAP2_AW_PHYS_OBJ_PROP_T                                                   
MRAC_OLAP2_AW_MAP_MEAS_USE_T                                                    

TABLE_NAME                                                                      
------------------------------                                                  
MRAC_OLAP2_AW_MAP_ATTR_USE_T                                                    
MRAC_OLAP2_AW_DIMENSIONS_T                                                      
MRAC_OLAP2_AW_ATTRIBUTES_T                                                      
MRAC_OLAP2_AW_CUBES_T                                                           
MRAC_OLAP2_AW_CUBE_DIM_USES_T                                                   
MRAC_OLAP2_AW_DIM_LEVELS_T                                                      
MRAC_OLAP2_AW_CUBE_MEASURES_T                                                   
MRAC_OLAP2_AW_CUBE_AGG_SPECS_T                                                  
MRAC_OLAP2_AW_CUBE_AGG_MEAS_T                                                   
MRAC_OLAP2_AW_CUBE_AGG_LVL_T                                                    
MRAC_OLAP2_AW_CUBE_AGG_OP_T                                                     

TABLE_NAME                                                                      
------------------------------                                                  
MRAC_OLAP2_AW_HIER_LVL_ORD_T                                                    
SDO_ST_TOLERANCE                                                                
SDO_TXN_IDX_INSERTS                                                             
SDO_TXN_IDX_DELETES                                                             
SDO_TXN_IDX_EXP_UPD_RGN                                                         
SDO_CS_CONTEXT_INFORMATION                                                      
SDO_TOPO_MAPS                                                                   
SDO_TOPO_TRANSACT_DATA                                                          
SDO_TOPO_RELATION_DATA                                                          
SDO_TOPO_DATA$                                                                  
MD$RELATE                                                                       

TABLE_NAME                                                                      
------------------------------                                                  
SDO_CS_SRS                                                                      
NTV2_XML_DATA                                                                   
SDO_PROJECTIONS_OLD_SNAPSHOT                                                    
SDO_ELLIPSOIDS_OLD_SNAPSHOT                                                     
SDO_DATUMS_OLD_SNAPSHOT                                                         
SDO_GEOR_XMLSCHEMA_TABLE                                                        
SDO_GEOR_SYSDATA_TABLE                                                          
SDO_GEOR_DDL__TABLE$$                                                           
SDO_GR_MOSAIC_0                                                                 
SDO_GR_MOSAIC_1                                                                 
SDO_GR_MOSAIC_2                                                                 

TABLE_NAME                                                                      
------------------------------                                                  
SDO_GR_MOSAIC_3                                                                 
SDO_GR_RDT_1                                                                    
SDO_GEOR_PLUGIN_REGISTRY                                                        
FINAL_PARTITION                                                                 
PARTITION_TMP_2                                                                 
PARTITION_TMP_3                                                                 
NDM_FINAL_PARTITION                                                             
NDM_PARTITION_TMP_2                                                             
NDM_PARTITION_TMP_3                                                             
SDO_NETWORK_METADATA_TABLE                                                      
SDO_NETWORK_CONSTRAINTS                                                         

TABLE_NAME                                                                      
------------------------------                                                  
SDO_NETWORK_LOCKS_WM                                                            
SDO_NETWORK_USER_DATA                                                           
SDO_NETWORK_HISTORIES                                                           
SDO_NETWORK_TIMESTAMPS                                                          
OPENLSSERVICES                                                                  
OPENLS_NODES                                                                    
OPENLS_XPATHS                                                                   
OPENLS_CLASSIFICATIONS                                                          
OPENLS_NAMESPACES                                                               
OLS_DIR_BUSINESS_CHAINS                                                         
OLS_DIR_CATEGORY_TYPES                                                          

TABLE_NAME                                                                      
------------------------------                                                  
OLS_DIR_CATEGORIES                                                              
OLS_DIR_BUSINESSES                                                              
OLS_DIR_CATEGORIZATIONS                                                         
OLS_DIR_SYNONYMS                                                                
SDO_WS_CONFERENCE                                                               
SDO_WS_CONFERENCE_RESULTS                                                       
SDO_WS_CONFERENCE_PARTICIPANTS                                                  
WFS_FEATURETYPE$                                                                
WFS_FEATURETYPETAGS$                                                            
WFS_FEATUREINSTANCEMETADATA$                                                    
WFS_CAPABILITIESINFO$                                                           

TABLE_NAME                                                                      
------------------------------                                                  
WFS_FEATURETYPECOMPLEXTAGS$                                                     
WFS_FEATURETYPEATTRS$                                                           
WFS_FEATURETYPESIMPLETAGATTRS$                                                  
WFS_FTTYPECOMPLEXTAGATTRS$                                                      
WFS_PROC_MAP$                                                                   
WFS_FEATURETYPEXMLCOLINFO$                                                      
WFS_FEATURETYPENESTEDSDOS$                                                      
WFS_FEATURETABLEMDUPDATED$                                                      
WFS_FEATURETABLEUPDATED$                                                        
R_TABLE                                                                         
WFS_FTXSDINFO$                                                                  

TABLE_NAME                                                                      
------------------------------                                                  
CURRENTSESSIONTOKENMAP_T$                                                       
TOKENSESSIONMAP_T$                                                              
ROWTOKENMAP_T$                                                                  
WFS_TRG_TABLE_TEMP$                                                             
SDO_WFS_LOCAL_TXNS                                                              
CSW_RECORD_TYPES$                                                               
CSW_DOMAININFO$                                                                 
CSW_CAPABILITIESINFO$                                                           
CSW_HARVESTMETADATA$                                                            
CSW_RECORDTABLEMDUPDATED$                                                       
CSW_RECORDTABLEUPDATED$                                                         

TABLE_NAME                                                                      
------------------------------                                                  
RO_TABLE                                                                        
CSW_RECORDDOMAINUPDATED$                                                        
CSW_RECORDVIEWMAP$                                                              
CSW_RTXSDINFO$                                                                  
CSW_PLUGIN_MAP$                                                                 
CSW_TRG_TABLE_TEMP$                                                             
SDO_TIN_PC_SEQ                                                                  
SDO_TIN_PC_SYSDATA_TABLE                                                        
MGMT_TASK_QTABLE                                                                
MGMT_NOTIFY_QTABLE                                                              
AQ$_MGMT_NOTIFY_QTABLE_S                                                        

TABLE_NAME                                                                      
------------------------------                                                  
AQ$_MGMT_NOTIFY_QTABLE_T                                                        
AQ$_MGMT_NOTIFY_QTABLE_H                                                        
AQ$_MGMT_NOTIFY_QTABLE_L                                                        
SYS_IOT_OVER_66888                                                              
AQ$_MGMT_NOTIFY_QTABLE_G                                                        
AQ$_MGMT_NOTIFY_QTABLE_I                                                        
MGMT_NOTIFY_INPUT_QTABLE                                                        
MGMT_VERSIONS                                                                   
MGMT_TABLE_SIZES                                                                
MGMT_INDEX_SIZES                                                                
MGMT_REBUILD_INDEXES                                                            

TABLE_NAME                                                                      
------------------------------                                                  
MGMT_LICENSES                                                                   
MGMT_URL_PROXY                                                                  
MGMT_URL_CACHE                                                                  
MGMT_AVAILABILITY                                                               
MGMT_CURRENT_AVAILABILITY                                                       
MGMT_AVAILABILITY_MARKER                                                        
MGMT_MASTER_AGENT                                                               
MGMT_MASTER_CHANGED_CALLBACK                                                    
MGMT_BAM_DATA_HUBS                                                              
MGMT_BAM_DATA_OSESSIONS                                                         
MGMT_BAM_OSESSION_DIAG                                                          

TABLE_NAME                                                                      
------------------------------                                                  
MGMT_BAM_OSESSION_ALERTS                                                        
MGMT_BAM_OSESSION_METRICS                                                       
MGMT_BAM_OSESSION_STATUS                                                        
MGMT_BAM_DATA_ISESSIONS                                                         
MGMT_BAM_ISESSION_DATASOURCE                                                    
MGMT_BAM_ISESSION_KPIS                                                          
MGMT_BAM_ISESSION_DIAG                                                          
MGMT_TARGET_BASELINES                                                           
MGMT_TARGET_BASELINES_DATA                                                      
MGMT_METRICS                                                                    
MGMT_METRIC_VERSIONS                                                            

TABLE_NAME                                                                      
------------------------------                                                  
MGMT_CATEGORY_CLASSES                                                           
MGMT_CATEGORIES                                                                 
MGMT_CATEGORY_MAP                                                               
MGMT_METRICS_EXT                                                                
MGMT_TARGET_TYPES                                                               
MGMT_TARGET_TYPE_VERSIONS                                                       
MGMT_TARGETS                                                                    
MGMT_TYPE_PROPERTIES                                                            
MGMT_TARGET_PROP_DEFS                                                           
MGMT_ALL_TARGET_PROPS                                                           
MGMT_TARGET_PROPERTIES                                                          

TABLE_NAME                                                                      
------------------------------                                                  
MGMT_TARGET_AGENT_ASSOC                                                         
SYS_IOT_OVER_67125                                                              
MGMT_METRICS_RAW                                                                
SYS_IOT_OVER_67128                                                              
MGMT_CURRENT_METRICS                                                            
MGMT_STRING_METRIC_HISTORY                                                      
MGMT_LONG_TEXT                                                                  
MGMT_METRICS_COMPOSITE_KEYS                                                     
MGMT_TARGETS_DELETE                                                             
MGMT_CALLBACKS                                                                  
MGMT_TARGET_ADD_CALLBACKS                                                       

TABLE_NAME                                                                      
------------------------------                                                  
MGMT_TARGET_DELETE_CALLBACKS                                                    
MGMT_TARGET_DELETE_EXCEPTIONS                                                   
MGMT_DUPLICATE_TARGETS                                                          
MGMT_CHANGE_AGENT_URL                                                           
MGMT_TARGET_ROLLUP_TIMES                                                        
MGMT_METRICS_1HOUR                                                              
MGMT_METRICS_1DAY                                                               
MGMT_METRIC_ERRORS                                                              
MGMT_CURRENT_METRIC_ERRORS                                                      
MGMT_TARGET_ASSOC                                                               
MGMT_TARGET_ASSOC_INSTANCE                                                      

TABLE_NAME                                                                      
------------------------------                                                  
MGMT_ANNOTATION                                                                 
MGMT_METADATA_SETS                                                              
MGMT_ROWSET_HANDLERS                                                            
MGMT_MESSAGES                                                                   
MGMT_LOADER_DESIGNATORS                                                         
MGMT_LAST_SYNC_LOAD_DETAILS                                                     
MGMT_BCN_TARGET                                                                 
MGMT_BCN_AVAIL_DEF                                                              
MGMT_BCN_AVAIL_JOB                                                              
MGMT_BCN_TXN_DEFN                                                               
MGMT_BCN_STEP_DEFN                                                              

TABLE_NAME                                                                      
------------------------------                                                  
MGMT_BCN_STEPGROUP_DEFN                                                         
MGMT_BCN_STEPGROUP_STEPS                                                        
MGMT_BCN_TXN_AUDIT                                                              
MGMT_BCN_TXN_PROPS                                                              
MGMT_BCN_STEP_PROPS                                                             
MGMT_BCN_BCNTXN_PROPS                                                           
MGMT_BCN_BCNSTEP_PROPS                                                          
MGMT_ADMIN_METRIC_THRESHOLDS                                                    
MGMT_BCN_AVAIL_LOG                                                              
MGMT_E2E_SUMMARY                                                                
MGMT_E2E_DETAILS                                                                

TABLE_NAME                                                                      
------------------------------                                                  
MGMT_E2E_SQL                                                                    
MGMT_E2E_JDBC                                                                   
MGMT_E2E_SQL_STMT                                                               
MGMT_E2E_SQL_CONN                                                               
MGMT_E2E_SUMMARY_1HOUR                                                          
MGMT_E2E_SUMMARY_1DAY                                                           
MGMT_E2E_DETAILS_1HOUR                                                          
MGMT_E2E_DETAILS_1DAY                                                           
MGMT_E2E_SQL_1HOUR                                                              
MGMT_E2E_SQL_1DAY                                                               
MGMT_E2E_JDBC_1HOUR                                                             

TABLE_NAME                                                                      
------------------------------                                                  
MGMT_E2E_JDBC_1DAY                                                              
MGMT_BLACKOUT_SCHEDULE                                                          
MGMT_BLACKOUTS                                                                  
MGMT_BLACKOUT_TARGET_DETAILS                                                    
MGMT_BLACKOUT_FLAT_TARGETS                                                      
MGMT_BLACKOUT_REASON                                                            
MGMT_BLACKOUT_HISTORY                                                           
MGMT_BLACKOUT_STATE                                                             
MGMT_BLACKOUT_WINDOWS                                                           
MGMT_BLACKOUT_PROXY_TARGETS                                                     
MGMT_AVAILABILITY_RBK                                                           

TABLE_NAME                                                                      
------------------------------                                                  
MGMT_SEVERITY_RBK                                                               
MGMT_METRIC_COLLECTIONS_REP                                                     
MGMT_COLL_ITEMS                                                                 
MGMT_COLL_ITEM_METRICS                                                          
SYS_IOT_OVER_67226                                                              
MGMT_COLL_ITEM_PROPERTIES                                                       
MGMT_COLLECTIONS                                                                
MGMT_COLLECTION_TASKS                                                           
SYS_IOT_OVER_67239                                                              
MGMT_COLLECTION_TASK_CONTEXT                                                    
SYS_IOT_OVER_67242                                                              

TABLE_NAME                                                                      
------------------------------                                                  
MGMT_TASK_WORKER_COUNTS                                                         
MGMT_COLLECTION_METRIC_TASKS                                                    
MGMT_COLLECTION_WORKERS                                                         
MGMT_PARAMETERS                                                                 
MGMT_OMS_PARAMETERS                                                             
MGMT_CREDENTIALS                                                                
MGMT_CS_HIERARCHY                                                               
MGMT_CS_CONFIG_STANDARD                                                         
MGMT_CS_RULEFOLDER                                                              
MGMT_CS_RULE                                                                    
MGMT_CS_KEYWORD                                                                 

TABLE_NAME                                                                      
------------------------------                                                  
MGMT_CS_PARAMETER                                                               
MGMT_CS_PARAMETER_CHOICES                                                       
MGMT_CS_REUSABLE_QUERY                                                          
MGMT_CS_RULE_VIOL_CTX                                                           
MGMT_CS_RULE_FIX_LINK                                                           
MGMT_CS_RULE_SIMPLE_TEST                                                        
MGMT_CS_SCHEDULED_EVAL                                                          
MGMT_CS_INCLUSION                                                               
MGMT_CS_INCLUSION_PARAMETER                                                     
MGMT_CS_RQS_INCLUSION                                                           
MGMT_CS_RQS_HIERARCHY                                                           

TABLE_NAME                                                                      
------------------------------                                                  
MGMT_CS_EVAL_SUMM_RULE                                                          
MGMT_CS_EVAL_SUMM_RULEFOLDER                                                    
MGMT_CS_EVAL_SUMM_RQS                                                           
EM_PAGE_CUST_METADATA                                                           
EM_PAGE_CONDITION_METADATA                                                      
EM_PAGE_CUSTOMIZATIONS                                                          
EM_PAGE_CUSTOM_CONDITIONS                                                       
MGMT_CREDENTIAL_TYPES                                                           
MGMT_CREDENTIAL_TYPE_REF                                                        
MGMT_CREDENTIAL_TYPE_COLUMNS                                                    
MGMT_CREDENTIAL_TYPE_COL_VALS                                                   

TABLE_NAME                                                                      
------------------------------                                                  
MGMT_CREDENTIAL_SETS                                                            
MGMT_CREDENTIAL_SET_COLUMNS                                                     
MGMT_CREDENTIAL_SET_COL_VALS                                                    
MGMT_CREDENTIALS2                                                               
SYS_IOT_OVER_67296                                                              
MGMT_TARGET_CREDENTIALS                                                         
SYS_IOT_OVER_67299                                                              
MGMT_HOST_CREDENTIALS                                                           
SYS_IOT_OVER_67302                                                              
MGMT_ENTERPRISE_CREDENTIALS                                                     
MGMT_CONTAINER_CREDENTIALS                                                      

TABLE_NAME                                                                      
------------------------------                                                  
SYS_IOT_OVER_67307                                                              
MGMT_JOB_CREDENTIALS                                                            
MGMT_COLLECTION_CREDENTIALS                                                     
MGMT_COLLECTION_TEMPLATE_CREDS                                                  
MGMT_ARU_CREDENTIALS                                                            
MGMT_VIEW_USER_CREDENTIALS                                                      
MGMT_PDP_METADATA                                                               
MGMT_PDP_COLUMN_METADATA                                                        
MGMT_PDP_SETTING_METADATA                                                       
MGMT_PDP_PARAM_METADATA                                                         
MGMT_PDP_HOST_SETTING                                                           

TABLE_NAME                                                                      
------------------------------                                                  
MGMT_PDP_SETTINGS                                                               
MGMT_PDP_SETTING_VALUES                                                         
MGMT_UPDATE_PDP_DATA_MAP                                                        
MGMT_UPDATE_PDP_DATA_COPY                                                       
MGMT_REPOS_TIME_COEFFICIENT                                                     
MGMT_UPDATE_OPERATIONS                                                          
MGMT_UPDATE_OPERATIONS_DATA                                                     
MGMT_UPDATE_OPERATIONS_DETAILS                                                  
MGMT_UPDATE_THRESHOLDS_DATA                                                     
MGMT_UPDATE_PROPERTIES_DATA                                                     
MGMT_UPDATE_CREDENTIALS_DATA                                                    

TABLE_NAME                                                                      
------------------------------                                                  
MGMT_UPDATE_COLL_CREDS_DATA                                                     
MGMT_UPDATE_TEMPLATE_DATA_MAP                                                   
MGMT_UPDATE_PDP_DATA                                                            
MGMT_ECM_PATCH_CACHE                                                            
MGMT_ECM_ARU_MAP                                                                
MGMT_ECM_SNAPSHOT                                                               
MGMT_ECM_SNAP_COMPONENT_INFO                                                    
MGMT_ECM_GEN_SNAPSHOT                                                           
MGMT_ECM_SNAPSHOT_METADATA                                                      
MGMT_ECM_SNAPSHOT_MD_TABLES                                                     
MGMT_ECM_SNAPSHOT_MD_COLUMNS                                                    

TABLE_NAME                                                                      
------------------------------                                                  
MGMT_ECM_MD_ALL_TBL_COLUMNS                                                     
MGMT_ECM_MD_HIST_TBLS                                                           
MGMT_ECM_LOADED_FILES                                                           
MGMT_ECM_SAVEDHOSTCONFIG                                                        
MGMT_INV_SUMMARY                                                                
MGMT_INV_CONTAINER                                                              
MGMT_INV_CONTAINER_PROPERTY                                                     
MGMT_INV_COMPONENT                                                              
MGMT_INV_DEPENDENCY_RULE                                                        
MGMT_INV_PATCHSET                                                               
MGMT_INV_VERSIONED_PATCH                                                        

TABLE_NAME                                                                      
------------------------------                                                  
MGMT_INV_PATCH                                                                  
MGMT_INV_COMPONENT_PATCH                                                        
MGMT_INV_PATCH_FIXED_BUG                                                        
MGMT_INV_FILE                                                                   
MGMT_INV_PATCHED_FILE                                                           
MGMT_INV_PATCHED_FILE_COMP                                                      
MGMT_TARGET_TYPE_COMPONENT_MAP                                                  
MGMT_ECM_HOST_CONFIGS_TO_DEL                                                    
MGMT_ARU_PRODUCTS                                                               
MGMT_OUI_ARU_MAP                                                                
MGMT_ARU_PLATFORMS                                                              

TABLE_NAME                                                                      
------------------------------                                                  
MGMT_ARU_RELEASES                                                               
MGMT_ARU_LANGUAGES                                                              
MGMT_ARU_FAMILY_PRODUCT_MAP                                                     
MGMT_ARU_PRODUCT_RELEASE_MAP                                                    
MGMT_ARU_OUI_COMPONENTS                                                         
MGMT_BUG_ADVISORY                                                               
MGMT_BUG_ADVISORY_BUG                                                           
MGMT_BUG_AVAILABLE_PATCH                                                        
MGMT_BUG_PATCH_PLATFORM                                                         
MGMT_BUG_PATCH_FIXES_BUG                                                        
MGMT_BUG_FIX_APPLIC_COMP_LIST                                                   

TABLE_NAME                                                                      
------------------------------                                                  
MGMT_BUG_FIX_APPLICABLE_COMP                                                    
MGMT_BUG_ADV_HOME_PATCH                                                         
MGMT_DELTA_IDS                                                                  
MGMT_DELTA_ENTRY                                                                
MGMT_DELTA_ENTRY_VALUES                                                         
MGMT_DELTA_ID_VALUES                                                            
MGMT_DELTA_SNAP                                                                 
MGMT_HC_SYSTEM_SUMMARY                                                          
MGMT_HC_HARDWARE_MASTER                                                         
MGMT_HC_CPU_DETAILS                                                             
MGMT_HC_IOCARD_DETAILS                                                          

TABLE_NAME                                                                      
------------------------------                                                  
MGMT_HC_NIC_DETAILS                                                             
MGMT_HC_OS_SUMMARY                                                              
MGMT_HC_OS_PROPERTIES                                                           
MGMT_HC_OS_COMPONENTS                                                           
MGMT_HC_FS_MOUNT_DETAILS                                                        
MGMT_HC_VENDOR_SW_SUMMARY                                                       
MGMT_HC_VENDOR_SW_COMPONENTS                                                    
MGMT_ECM_RESOURCES                                                              
MGMT_DELTA_SAVED_COMPARISON                                                     
MGMT_DELTA_COMP_SUMMARIES                                                       
MGMT_DELTA_SUMMARY_ERRORS                                                       

TABLE_NAME                                                                      
------------------------------                                                  
MGMT_DELTA_COMPARISON_DELTAS                                                    
MGMT_DELTA_COMP_KEY_COLS                                                        
MGMT_DELTA_COMP_DELTA_DETAILS                                                   
MGMT_DELTA_COMP_PROPERTIES                                                      
MGMT_COMP_RESULT_TO_JOB_MAP                                                     
MGMT_COMP_SNAPSHOT_TO_STEP_MAP                                                  
MGMT_ECM_CSA_SNAPSHOT_INFO                                                      
MGMT_ECM_CSA_GENERAL_INFO                                                       
MGMT_ECM_CSA                                                                    
MGMT_ECM_CSA_COOKIES                                                            
MGMT_ECM_CSA_CUSTOM                                                             

TABLE_NAME                                                                      
------------------------------                                                  
MGMT_ECM_HW                                                                     
MGMT_ECM_HW_CPU                                                                 
MGMT_ECM_HW_IOCARD                                                              
MGMT_ECM_HW_NIC                                                                 
MGMT_ECM_OS                                                                     
MGMT_ECM_OS_PROPERTY                                                            
MGMT_ECM_OS_COMPONENT                                                           
MGMT_ECM_OS_FILESYSTEM                                                          
MGMT_ECM_OS_REGISTERED_SW                                                       
MGMT_ECM_OS_REGISTERED_SW_COMP                                                  
MGMT_ECM_CSA_RULES                                                              

TABLE_NAME                                                                      
------------------------------                                                  
MGMT_ECM_CSA_OUT_OF_BOX                                                         
MGMT_ECM_CSA_FAILED                                                             
MGMT_ECM_CSA_APPID_TARGET_MAP                                                   
MGMT_AVAILABLE_SEARCHES                                                         
MGMT_BUG_PATCH_CERTIFICATE                                                      
MGMT_ECM_HOSTPATCH_GROUPS                                                       
MGMT_ECM_HOSTPATCH_HOSTS                                                        
MGMT_ECM_HOSTPATCH_REPOS                                                        
MGMT_ECM_HOSTPATCH_REPOS_PKGS                                                   
MGMT_ECM_HOSTPATCH_GROUP_REPOS                                                  
MGMT_ECM_HOSTPATCH_HOST_COMPL                                                   

TABLE_NAME                                                                      
------------------------------                                                  
MGMT_ECM_HOSTPATCH_COMPL_HIST                                                   
MGMT_CPF_METRIC_SOURCE                                                          
MGMT_ECM_ULN_STAGE_SERVERS                                                      
MGMT_ECM_ULN_CHANNELS                                                           
MGMT_ECM_ULN_SS_CHANNELS                                                        
MGMT_ECM_ULN_CH_ADV                                                             
MGMT_ECM_ULN_CHANNEL_PKGS                                                       
MGMT_DEPLOYMENT_SECTIONS                                                        
ESM_COLLECTION                                                                  
MGMT_ESA_REPORT                                                                 
MGMT_FAILOVER_TABLE                                                             

TABLE_NAME                                                                      
------------------------------                                                  
MGMT_FAILOVER_CALLBACKS                                                         
MGMT_GENSVC_UPDBCN_JOB                                                          
MGMT_GENSVC_UPDBCN_JOB_TESTS                                                    
MGMT_GENSVC_JOBS_DETAILS                                                        
MGMT_GENSVC_TMPL_VARS                                                           
MGMT_GENSVC_TEST_AVAIL                                                          
MGMT_GENSVC_TEST_CUR_AVAIL                                                      
MGMT_GENSVC_TEST_AVAIL_MARKER                                                   
MGMT_GENSVC_AVAIL_CONFIG                                                        
MGMT_GENSVC_AVAIL_TESTS                                                         
MGMT_GENSVC_AVAIL_BEACONS                                                       

TABLE_NAME                                                                      
------------------------------                                                  
MGMT_GENSVC_AVAIL_EVENTS                                                        
MGMT_GENSVC_AVAIL_JOB                                                           
MGMT_GROUP_SUMMARY_CHART_DEF                                                    
MGMT_GROUP_DEFAULT_CHART                                                        
MGMT_GROUP_CHART                                                                
MGMT_GROUP_CHART_SELTARGETS                                                     
MGMT_GROUP_CUSTOM_COLUMNS                                                       
MGMT_JOB_COMMAND                                                                
MGMT_JOB_TYPE_INFO                                                              
MGMT_JOB_TYPE_MAX_VERSIONS                                                      
MGMT_JOB_SINGLE_TARGET_TYPES                                                    

TABLE_NAME                                                                      
------------------------------                                                  
MGMT_JOB_EXECPLAN                                                               
MGMT_JOB_STEP_PARAMS                                                            
MGMT_NESTED_JOB_TARGETS                                                         
MGMT_NESTED_JOB_CRED_INFO                                                       
MGMT_JOB_PARAM_SOURCE                                                           
MGMT_JOB_USER_PARAMS                                                            
MGMT_JOB_SQL_PARAMS                                                             
MGMT_JOB_CRED_PARAMS                                                            
MGMT_JOB_SUBST_PARAMS                                                           
MGMT_JOB_PROP_PARAMS                                                            
MGMT_JOB_VALUE_PARAMS                                                           

TABLE_NAME                                                                      
------------------------------                                                  
MGMT_JOB_ASSOC_PARAMS                                                           
MGMT_JOB_SEC_INFO                                                               
MGMT_JOB_LOCK_INFO                                                              
MGMT_JOB_LOCK_TARGETS                                                           
MGMT_JOB_SCHEDULE                                                               
MGMT_JOB                                                                        
MGMT_CORRECTIVE_ACTION                                                          
MGMT_JOB_TARGET                                                                 
MGMT_JOB_FLAT_TARGETS                                                           
MGMT_JOB_EXT_TARGETS                                                            
MGMT_JOB_OUTPUT                                                                 

TABLE_NAME                                                                      
------------------------------                                                  
MGMT_JOB_LARGE_PARAMS                                                           
MGMT_JOB_EXEC_SUMMARY                                                           
MGMT_JOB_EXEC_CRED_INFO                                                         
MGMT_JOB_EXEC_EVENT_PARAMS                                                      
MGMT_JOB_EXEC_LOCKS                                                             
MGMT_JOB_PARAMETER                                                              
MGMT_JOB_HISTORY                                                                
MGMT_JOB_EXECUTION                                                              
MGMT_JOB_STEP_COMMAND_LOG                                                       
MGMT_JOB_COMMAND_BLOCK_PROCS                                                    
MGMT_JOB_EMD_STATUS_QUEUE                                                       

TABLE_NAME                                                                      
------------------------------                                                  
MGMT_JOB_PURGE_POLICIES                                                         
MGMT_JOB_PURGE_CRITERIA                                                         
MGMT_JOB_PURGE_TARGETS                                                          
MGMT_JOB_PURGE_VALUES                                                           
MGMT_JOB_EVENT                                                                  
MGMT_JOB_TYPE_URI_INFO                                                          
MGMT_JOB_TYPE_DISPLAY_PARAM                                                     
MGMT_JOB_TYPE_DISPLAY_INFO                                                      
MGMT_JOB_STEP_TARGETS                                                           
MGMT_JOB_CALLBACKS                                                              
MGMT_JOB_QUEUES                                                                 

TABLE_NAME                                                                      
------------------------------                                                  
MGMT_JOB_BLACKOUT_ASSOC                                                         
MGMT_JOB_STATE_CHANGES                                                          
MGMT_JOB_NOTIFY_STATES                                                          
MGMT_JOB_TYPE_PARAM_URI_INFO                                                    
MGMT_JOB_TYPE_PARAM_DSPLY_INFO                                                  
MGMT_JOB_TYPE_PARAM_DROPDOWNS                                                   
MGMT_JOB_DISPLAY_ERROR_CODES                                                    
MGMT_PERFORMANCE_NAMES                                                          
MGMT_SYSTEM_ERROR_LOG                                                           
MGMT_SYSTEM_PERFORMANCE_LOG                                                     
MGMT_METRIC_DEPENDENCY_DEF                                                      

TABLE_NAME                                                                      
------------------------------                                                  
MGMT_METRIC_DEPENDENCY                                                          
MGMT_METRIC_DEPENDENCY_DETAILS                                                  
MGMT_NOTIFY_EMAIL_GATEWAY                                                       
MGMT_NOTIFY_PROFILES                                                            
MGMT_NOTIFY_DEVICES                                                             
MGMT_NOTIFY_DEVICE_PARAMS                                                       
MGMT_NOTIFY_SCHEDULES                                                           
MGMT_NOTIFY_DEV_SCHEDULES                                                       
MGMT_NOTIFY_RULES                                                               
MGMT_NOTIFY_RULE_CONFIGS                                                        
MGMT_NOTIFY_JOB_RULE_CONFIGS                                                    

TABLE_NAME                                                                      
------------------------------                                                  
MGMT_NOTIFY_NOTIFYEES                                                           
MGMT_NOTIFY_REQUEUE                                                             
MGMT_NOTIFY_QUEUES                                                              
MGMT_NOTIFICATION_LOG                                                           
MGMT_NOTIFY_FORMAT_HANDLERS                                                     
MGMT_EMD_PING                                                                   
MGMT_EMD_PING_CHECK                                                             
MGMT_POLICIES                                                                   
MGMT_POLICY_PARAMETERS                                                          
SYS_IOT_OVER_67743                                                              
MGMT_POLICY_BIND_VARS                                                           

TABLE_NAME                                                                      
------------------------------                                                  
MGMT_POLICY_VIOL_CTXT_DEF                                                       
MGMT_POLICY_TYPE_VERSIONS                                                       
SYS_IOT_OVER_67749                                                              
MGMT_POLICY_ASSOC                                                               
MGMT_POLICY_ASSOC_CFG                                                           
SYS_IOT_OVER_67753                                                              
MGMT_POLICY_ASSOC_CFG_PARAMS                                                    
MGMT_POLICY_ASSOC_EVAL_SUMM                                                     
MGMT_POLICY_ASSOC_EVAL_DETAILS                                                  
SYS_IOT_OVER_67758                                                              
MGMT_SNAPSHOT_METRIC_MAP                                                        

TABLE_NAME                                                                      
------------------------------                                                  
MGMT_USER_SUBTAB_COL_PREFS                                                      
MGMT_USER_FOLDERS                                                               
MGMT_USER_PREFERENCES                                                           
MGMT_PURGE_POLICY                                                               
MGMT_PURGE_POLICY_GROUP                                                         
MGMT_PURGE_POLICY_TARGET_STATE                                                  
MGMT_SEC_INFO                                                                   
MGMT_AGENT_SEC_INFO                                                             
EM_IPW_INFO                                                                     
MGMT_VIOLATIONS                                                                 
MGMT_CURRENT_VIOLATION                                                          

TABLE_NAME                                                                      
------------------------------                                                  
MGMT_VIOLATION_CONTEXT                                                          
MGMT_LAST_VIOLATION                                                             
MGMT_TEMPLATES                                                                  
MGMT_TEMPLATE_COPIES                                                            
MGMT_MNTR_SET_COPIES                                                            
EM_COMPARISON_SUMMARY                                                           
EMDW_TRACE_CONFIG                                                               
EMDW_TRACE_DATA                                                                 
MGMT_PRIVS                                                                      
MGMT_PRIV_INCLUDES                                                              
MGMT_ROLES                                                                      

TABLE_NAME                                                                      
------------------------------                                                  
MGMT_ROLE_GRANTS                                                                
MGMT_FLAT_ROLE_GRANTS                                                           
MGMT_PRIV_GRANTS                                                                
MGMT_USER_TARGETS                                                               
MGMT_USER_JOBS                                                                  
MGMT_USER_TEMPLATES                                                             
MGMT_USER_REPORT_DEFS                                                           
MGMT_USER_CAS                                                                   
MGMT_USER_CONTEXT                                                               
MGMT_USER_CALLBACKS                                                             
MGMT_CREATED_USERS                                                              

TABLE_NAME                                                                      
------------------------------                                                  
MGMT_LOGIN_ASSISTANTS                                                           
MGMT_IP_REPORT_DEF                                                              
MGMT_IP_REPORT_DEF_JIT_TYPES                                                    
MGMT_IP_REPORT_DEF_ELEMENTS                                                     
MGMT_IP_REPORT_ELEM_IMAGE                                                       
MGMT_IP_REPORT_ELEM_PARAMS                                                      
MGMT_IP_REPORT_ELEM_TARGETS                                                     
MGMT_IP_STORED_REPORT                                                           
MGMT_IP_REPORT_ELEM_DEF                                                         
MGMT_IP_ELEM_TARGET_TYPES                                                       
MGMT_IP_ELEM_PARAM_CLASSES                                                      

TABLE_NAME                                                                      
------------------------------                                                  
MGMT_IP_ELEM_DEFAULT_PARAMS                                                     
MGMT_IP_SQL_STATEMENTS                                                          
MGMT_IP_PURGE_POLICY                                                            
MGMT_IP_EMAIL_REPORT                                                            
MGMT_LICENSE_DEFINITIONS                                                        
MGMT_ADMIN_LICENSES                                                             
MGMT_LICENSABLE_TARGET_TYPES                                                    
MGMT_LICENSED_TARGETS                                                           
SYS_IOT_OVER_67871                                                              
MGMT_LICENSE_CONFIRMATION                                                       
MGMT_RCA_EVENT                                                                  

TABLE_NAME                                                                      
------------------------------                                                  
MGMT_RCA_TARGET_PROPS                                                           
MGMT_RCA_METRIC_PROPS                                                           
MGMT_RCA_SUMMARY                                                                
MGMT_RCA_RUN                                                                    
MGMT_RCA_EVENT_ASSOC                                                            
MGMT_RCA_METRIC_TEST                                                            
MGMT_RCA_TEST_RESULT                                                            
MGMT_RCA_TRACE                                                                  
MGMT_NET_EVENTS                                                                 
MGMT_RCA_RECOVERY                                                               
MGMT_TARGET_ASSOC_DEFS                                                          

TABLE_NAME                                                                      
------------------------------                                                  
MGMT_TARGET_ASSOCS                                                              
MGMT_TARGET_PENDING_ASSOCS                                                      
MGMT_TARGET_ASSOC_PROP_DEFS                                                     
MGMT_TARGET_ASSOC_PROP                                                          
MGMT_TARGET_ASSOC_ERROR                                                         
MGMT_FLAT_TARGET_ASSOC                                                          
MGMT_TARGET_TEMP_LIST                                                           
MGMT_TARGET_ASSOC_STATUS                                                        
MGMT_ECM_CLUSTER_NODE_INFO                                                      
MGMT_STORAGE_REPORT_DATA                                                        
MGMT_STORAGE_REPORT_KEYS                                                        

TABLE_NAME                                                                      
------------------------------                                                  
MGMT_STORAGE_REPORT_ISSUES                                                      
MGMT_STORAGE_REPORT_ALIAS                                                       
MGMT_STORAGE_TMP_NFS_DATA                                                       
MGMT_SWLIB_DIRECTORIES                                                          
MGMT_STORAGE_REPORT_UI_TARGETS                                                  
MGMT_SWLIB_ENTITIES                                                             
MGMT_SWLIB_MATURITY_STATUS                                                      
MGMT_SWLIB_ENTITY_REVISIONS                                                     
MGMT_SWLIB_ENTITY_REFERENCES                                                    
MGMT_SWLIB_ENTITY_DOCUMENTS                                                     
MGMT_SWLIB_ENTITY_DATA                                                          

TABLE_NAME                                                                      
------------------------------                                                  
MGMT_SWLIB_ENTITY_PARAMETERS                                                    
MGMT_SWLIB_REVISION_PARAMETERS                                                  
MGMT_SWLIB_ENTITY_PLATFORMS                                                     
MGMT_SWLIB_DATA_DIRECTORIES                                                     
MGMT_MANAGEMENT_PLUGINS                                                         
MGMT_MP_PROPS                                                                   
MGMT_MP_MECHANISMS                                                              
MGMT_MP_FILES                                                                   
MGMT_MP_FILE_PROPS                                                              
MGMT_MP_DEPLOYMENTS                                                             
MGMT_MP_DEPLOYMENT_ERRORS                                                       

TABLE_NAME                                                                      
------------------------------                                                  
MGMT_MP_NLS_SUBSTITUTIONS                                                       
MGMT_MP_CONTRIBUTORS                                                            
MGMT_MP_CONTRIBUTOR_FILE                                                        
MGMT_MP_GROUPS                                                                  
MGMT_MP_GROUP_MEMBERS                                                           
MGMT_HTTP_SESSION_OBJECTS                                                       
MGMT_HTTP_SESSION_CALLBACKS                                                     
MGMT_PROV_TGT_STATUS                                                            
MGMT_PROV_HARDWARE                                                              
MGMT_PROV_CLUSTER                                                               
MGMT_PROV_CLUSTER_NODES                                                         

TABLE_NAME                                                                      
------------------------------                                                  
MGMT_PROV_SUITE_INSTANCE                                                        
MGMT_PROV_SUITE_INST_MEMBERS                                                    
MGMT_PROV_OPERATION                                                             
MGMT_PROV_ASSIGNMENT                                                            
MGMT_PROV_ASN_DEPENDENCIES                                                      
MGMT_PROV_ASN_TARGETS                                                           
MGMT_PROV_HISTORY                                                               
MGMT_PROV_BOOTSERVER                                                            
MGMT_PROV_DEFAULT_IMAGE                                                         
MGMT_PROV_RPM_REP                                                               
MGMT_PROV_STAGING_DIRS                                                          

TABLE_NAME                                                                      
------------------------------                                                  
MGMT_PROV_STAGED_COMPS                                                          
MGMT_PROV_NET_CONFIG                                                            
MGMT_PROV_IP_RANGE                                                              
MGMT_PROV_IP_RESERVED                                                           
MGMT_PROV_COLLECTION                                                            
MGMT_SL_RULES                                                                   
MGMT_SL_RULES_HISTORY                                                           
MGMT_SL_METRICS                                                                 
MGMT_SL_METRICS_HISTORY                                                         
MGMT_TOPO_PAGE_BG_IMAGE                                                         
MGMT_TOPO_PAGE_PREF                                                             

TABLE_NAME                                                                      
------------------------------                                                  
MGMT_TOPO_PAGE_OBJ_POS                                                          
MGMT_AUDIT_MASTER                                                               
MGMT_AUDIT_DESTINATION                                                          
MGMT_USER_SESSION                                                               
MGMT_OPERATIONS_MASTER                                                          
MGMT_AUDIT_LOGS                                                                 
MGMT_AUDIT_CUSTOM_ATTRIBS                                                       
MGMT_MP_HOMEPAGE_REPORTS                                                        
EUME2E_ASSOCS_LOOKUP                                                            
MGMT_CSTMZ_SUMMARY_CHART_DEF                                                    
MGMT_CSTMZ_DEFAULT_CHART                                                        

TABLE_NAME                                                                      
------------------------------                                                  
MGMT_CSTMZ_CHARTS                                                               
MGMT_CSTMZ_CHART_SELTARGETS                                                     
MGMT_CSTMZ_CUSTOM_COLUMNS                                                       
MGMT_RT_METRICS_RAW                                                             
MGMT_RT_URLS                                                                    
MGMT_RT_REGIONS                                                                 
MGMT_RT_REGION_ENTRIES                                                          
MGMT_RT_REGION_MAPPING                                                          
MGMT_RT_TARGET_PROPERTIES                                                       
MGMT_RT_BOOTSTRAP_TIMES                                                         
MGMT_RT_COOKIE_DATA                                                             

TABLE_NAME                                                                      
------------------------------                                                  
MGMT_RT_URL_1HOUR                                                               
MGMT_RT_URL_BOOTSTRAP                                                           
MGMT_RT_URL_1DAY                                                                
MGMT_RT_URL_DIST_1HOUR                                                          
MGMT_RT_URL_DIST_BOOTSTRAP                                                      
MGMT_RT_URL_DIST_1DAY                                                           
MGMT_RT_DOMAIN_1HOUR                                                            
MGMT_RT_DOMAIN_BOOTSTRAP                                                        
MGMT_RT_DOMAIN_1DAY                                                             
MGMT_RT_DOMAIN_DIST_1HOUR                                                       
MGMT_RT_DOMAIN_DIST_BOOTSTRAP                                                   

TABLE_NAME                                                                      
------------------------------                                                  
MGMT_RT_DOMAIN_DIST_1DAY                                                        
MGMT_RT_IP_1HOUR                                                                
MGMT_RT_IP_BOOTSTRAP                                                            
MGMT_RT_IP_1DAY                                                                 
MGMT_RT_IP_DIST_1HOUR                                                           
MGMT_RT_IP_DIST_BOOTSTRAP                                                       
MGMT_RT_IP_DIST_1DAY                                                            
MGMT_RT_PR_MAPPING                                                              
MGMT_RT_INCOMPLETE_LOADS                                                        
MGMT_RT_PR_MAPPING_1HOUR                                                        
MGMT_RT_INCOMPLETE_LOADS_1HOUR                                                  

TABLE_NAME                                                                      
------------------------------                                                  
MGMT_RT_PR_MAPPING_1DAY                                                         
MGMT_RT_INCOMPLETE_LOADS_1DAY                                                   
MGMT_SYSTEM_CHANGES                                                             
MGMT_TEST                                                                       
MGMT_TEST_TARGET_MAP                                                            
MGMT_TEST_METRICS                                                               
MGMT_TEST_MCOLUMNS                                                              
MGMT_TEST_PROP_UIGROUP                                                          
MGMT_TEST_PROP                                                                  
MGMT_TEST_PROP_LEVEL                                                            
MGMT_TEST_PROP_CHOICES                                                          

TABLE_NAME                                                                      
------------------------------                                                  
MGMT_TEST_DEFAULT_PROMOTION                                                     
MGMT_TEST_DEFAULT_THRESHOLDS                                                    
MGMT_TEST_METRIC_PROPS                                                          
MGMT_TEST_QUALIFIERS                                                            
MGMT_TEST_PROP_QUALIFIERS                                                       
MGMT_ERROR_MASTER                                                               
MGMT_BSLN_DATASOURCES                                                           
MGMT_BSLN_BASELINES                                                             
MGMT_BSLN_INTERVALS                                                             
MGMT_BSLN_METRICS                                                               
MGMT_BSLN_STATISTICS                                                            

TABLE_NAME                                                                      
------------------------------                                                  
MGMT_BSLN_THRESHOLD_PARMS                                                       
MGMT_BSLN_RAWDATA                                                               
MGMT_HA_BACKUP                                                                  
MGMT_HA_MTTR                                                                    
MGMT_DB_DBNINSTANCEINFO_ECM                                                     
SYS_IOT_OVER_69641                                                              
MGMT_DB_INIT_PARAMS_ECM                                                         
MGMT_DB_CONTROLFILES_ECM                                                        
MGMT_DB_REDOLOGS_ECM                                                            
MGMT_DB_ROLLBACK_SEGS_ECM                                                       
MGMT_DB_SGA_ECM                                                                 

TABLE_NAME                                                                      
------------------------------                                                  
MGMT_DB_LICENSE_ECM                                                             
MGMT_DB_OPTIONS_ECM                                                             
MGMT_DB_TABLESPACES_ECM                                                         
MGMT_DB_DATAFILES_ECM                                                           
MGMT_HA_INFO_ECM                                                                
MGMT_HA_INIT_PARAMS_ECM                                                         
MGMT_HA_FILES_ECM                                                               
MGMT_HA_RMAN_CONFIG_ECM                                                         
MGMT_DB_FEATUREUSAGE                                                            
MGMT_HA_DG_TARGET_SUMMARY                                                       
MGMT_SQL_EVALUATION                                                             

TABLE_NAME                                                                      
------------------------------                                                  
MGMT_SQL_BIND_VARS                                                              
MGMT_SQLPROBLEM_FACTORS                                                         
MGMT_PLANPROBLEM_FACTORS                                                        
MGMT_SQL_REUSE                                                                  
MGMT_SQL_SUMMARY                                                                
MGMT_SQL_PLAN                                                                   
MGMT_SQL_METRIC_HELPER                                                          
MGMT_FEATURE_PATCHES                                                            
MGMT_FEATURES_MAPPING                                                           
MGMT_FBP_PATCHING_GUIDS                                                         
MGMT_DB_LATEST_HDM_FINDINGS                                                     

TABLE_NAME                                                                      
------------------------------                                                  
MGMT_DB_HDM_METRIC_HELPER                                                       
MGMT_SPACE_METRICS                                                              
MGMT_DB_RECUSERSETTINGS_ECM                                                     
MGMT_DB_RECTSSETTINGS_ECM                                                       
MGMT_DB_RECSEGMENTSETTINGS_ECM                                                  
MGMT_DB_INVOBJS_ECM                                                             
MGMT_DIROBJ_USERS_HOTLIST                                                       
MGMT_OB_ADMIN_CLIENT_DB                                                         
MGMT_OSM_DISK_GROUP_ECM                                                         
MGMT_CM_SCOPESPECS                                                              
MGMT_CM_SCOPESPEC_NAMES                                                         

TABLE_NAME                                                                      
------------------------------                                                  
MGMT_CM_BASELINES                                                               
MGMT_CM_BASELINE_VERSIONS                                                       
MGMT_CM_BASELINE_OBJECTS                                                        
MGMT_CM_BASELINE_DEPENDENTS                                                     
MGMT_CM_BASELINE_OBJGRANTS                                                      
MGMT_CM_BASELINE_SYSGRANTS                                                      
MGMT_CM_BASELINE_ROLEGRANTS                                                     
MGMT_CM_BASELINE_QUOTAGRANTS                                                    
MGMT_CM_BASELINE_PROXYGRANTS                                                    
MGMT_CM_BASELINE_CONS_GROUPS                                                    
MGMT_CM_BASELINE_INIT_PARAMS                                                    

TABLE_NAME                                                                      
------------------------------                                                  
MGMT_CM_BASELINE_DEPENDENCIES                                                   
MGMT_CM_COMPARISONS                                                             
MGMT_CM_COMPARISON_VERSIONS                                                     
MGMT_CM_COMPARISON_OBJECTS                                                      
MGMT_CM_COMPARISON_INIT_PRMS                                                    
MGMT_CM_SCHEMA_MAPS                                                             
MGMT_CM_SYNCHRONIZATIONS                                                        
MGMT_CM_SYNCH_VERSIONS                                                          
MGMT_CM_SYNCH_OBJECTS                                                           
MGMT_CM_SYNCH_SCRIPTS                                                           
MGMT_CM_SYNCH_IMPACT_REPORTS                                                    

TABLE_NAME                                                                      
------------------------------                                                  
MGMT_HA_CLS_INTR_CONN                                                           
MGMT_HA_RAC_INTR_CONN                                                           
MGMT_RAC_SERVICES                                                               
MGMT_CONFIG_ACTIVITIES                                                          
MGMT_FAILED_CONFIG_ACTIVITIES                                                   
MGMT_V_CLUSTER_MEMBER_LIST                                                      
MGMT_V_RAC_MEMBER_LIST                                                          
MGMT_V_RAC_ASSOC_MEMBER_LIST                                                    
MGMT_V_CLUSTER_RAC_POL_DETAIL                                                   
MGMT_BACKUP_CONFIGURATION                                                       
MGMT_RCVCAT_CONFIG                                                              

TABLE_NAME                                                                      
------------------------------                                                  
MGMT_RCVCAT_REPOS                                                               
MGMT_DM_SCOPESPECS                                                              
MGMT_DM_RULETEMPLATES                                                           
MGMT_DM_RULEENTRY                                                               
MGMT_DM_SS_COLUMNS                                                              
MGMT_DM_COLUMN_RULES                                                            
MGMT_DM_INFCONS_COLUMNS                                                         
MGMT_DM_ALITEMS                                                                 
MGMT_DM_JOB_EXECUTIONS                                                          
MGMT_DBNET_TNS_ADMINS                                                           
DB_USER_PREFERENCES                                                             

TABLE_NAME                                                                      
------------------------------                                                  
MGMT_TEXTINDEX                                                                  
MGMT_TEXTINDEX_LOGS_INFO                                                        
MGMT_TEXT_INDEX_STATS                                                           
MGMT_PAF_MSG_QTABLE_1                                                           
MGMT_PAF_MSG_QTABLE_2                                                           
MGMT_PAF_TEXTUAL_DATA                                                           
MGMT_PAF_PROCEDURES                                                             
MGMT_PAF_JOBTYPES                                                               
MGMT_PAF_COMP_JOBTYPE_MAPPINGS                                                  
MGMT_PAF_JOBTYPE_PARAMS                                                         
MGMT_PAF_APPLICATIONS                                                           

TABLE_NAME                                                                      
------------------------------                                                  
MGMT_PAF_INSTANCES                                                              
MGMT_PAF_STATES                                                                 
MGMT_PAF_OMS_STATUS                                                             
MGMT_PAF_PARAM_GROUPS                                                           
MGMT_PAF_PAR_FILES                                                              
MGMT_PAF_ENCRYPTED_STRINGS                                                      
MGMT_PAF_NOTIFICATION_LOG                                                       
MGMT_EMX_CELL_C_CONFIG                                                          
MGMT_EMX_CELL_GD_CONFIG                                                         
MGMT_EMX_CELL_CD_CONFIG                                                         
MGMT_EMX_CELL_L_CONFIG                                                          

TABLE_NAME                                                                      
------------------------------                                                  
MGMT_EMX_CELL_PD_CONFIG                                                         
MGMT_EMX_CELL_IORM_CONFIG                                                       
MGMT_LOADER_QTABLE                                                              
AQ$_MGMT_LOADER_QTABLE_S                                                        
AQ$_MGMT_LOADER_QTABLE_T                                                        
AQ$_MGMT_LOADER_QTABLE_H                                                        
AQ$_MGMT_LOADER_QTABLE_L                                                        
SYS_IOT_OVER_70055                                                              
AQ$_MGMT_LOADER_QTABLE_G                                                        
AQ$_MGMT_LOADER_QTABLE_I                                                        
WWV_FLOW_FILE_OBJECTS$                                                          

TABLE_NAME                                                                      
------------------------------                                                  
WWV_FLOW_COMPANIES                                                              
WWV_FLOW_COMPANY_SCHEMAS                                                        
WWV_FLOW_PLATFORM_PREFS                                                         
WWV_FLOWS                                                                       
WWV_FLOW_APPLICATION_GROUPS                                                     
WWV_FLOWS_RESERVED                                                              
WWV_FLOW_PAGES_RESERVED                                                         
WWV_FLOW_ALTERNATE_CONFIG                                                       
WWV_FLOW_ALT_CONFIG_DETAIL                                                      
WWV_FLOW_ALT_CONFIG_PICK                                                        
WWV_FLOW_DEBUG                                                                  

TABLE_NAME                                                                      
------------------------------                                                  
WWV_FLOW_APP_COMMENTS                                                           
WWV_FLOW_SECURITY_SCHEMES                                                       
WWV_FLOW_TEMPLATE_PREFERENCES                                                   
WWV_FLOW_BANNER                                                                 
WWV_FLOW_LANGUAGES                                                              
WWV_FLOW_LANGUAGE_MAP                                                           
WWV_FLOW_TRANSLATABLE_COLS$                                                     
WWV_FLOW_TRANSLATABLE_TEXT$                                                     
WWV_FLOW_DYNAMIC_TRANSLATIONS$                                                  
WWV_FLOW_PAGE_CACHE                                                             
WWV_FLOW_TEMPLATES                                                              

TABLE_NAME                                                                      
------------------------------                                                  
WWV_FLOW_REQUIRED_ROLES                                                         
WWV_FLOW_FIELD_TEMPLATES                                                        
WWV_FLOW_ICON_BAR_ATTRIBUTES                                                    
WWV_FLOW_ICON_BAR                                                               
WWV_FLOW_PROCESSING                                                             
WWV_FLOW_ITEMS                                                                  
WWV_FLOW_COMPUTATIONS                                                           
WWV_FLOW_TABS                                                                   
WWV_FLOW_TOPLEVEL_TABS                                                          
WWV_FLOW_TREES                                                                  
WWV_FLOW_LOV_TEMP                                                               

TABLE_NAME                                                                      
------------------------------                                                  
WWV_FLOW_LISTS_OF_VALUES$                                                       
WWV_FLOW_LIST_OF_VALUES_DATA                                                    
WWV_FLOW_STEPS                                                                  
WWV_FLOW_STEP_BUTTONS                                                           
WWV_FLOW_STEP_BRANCHES                                                          
WWV_FLOW_STEP_BRANCH_ARGS                                                       
WWV_FLOW_STEP_ITEMS                                                             
WWV_FLOW_STEP_ITEM_HELP                                                         
WWV_FLOW_STEP_COMPUTATIONS                                                      
WWV_FLOW_STEP_VALIDATIONS                                                       
WWV_FLOW_STEP_PROCESSING                                                        

TABLE_NAME                                                                      
------------------------------                                                  
WWV_FLOW_BUTTON_TEMPLATES                                                       
WWV_FLOW_PAGE_PLUG_TEMPLATES                                                    
WWV_FLOW_ROW_TEMPLATES                                                          
WWV_FLOW_LIST_TEMPLATES                                                         
WWV_FLOW_PAGE_PLUGS                                                             
WWV_FLOW_PAGE_GENERIC_ATTR                                                      
WWV_FLOW_CALS                                                                   
WWV_FLOW_CAL_TEMPLATES                                                          
WWV_FLOW_THEMES                                                                 
WWV_FLOW_SESSIONS$                                                              
WWV_FLOW_PURGED_SESSIONS$                                                       

TABLE_NAME                                                                      
------------------------------                                                  
WWV_FLOW_DATA                                                                   
WWV_FLOW_ACTIVITY_LOG_NUMBER$                                                   
WWV_FLOW_ACTIVITY_LOG1$                                                         
WWV_FLOW_ACTIVITY_LOG2$                                                         
WWV_FLOW_USER_ACCESS_LOG_NUM$                                                   
WWV_FLOW_USER_ACCESS_LOG1$                                                      
WWV_FLOW_USER_ACCESS_LOG2$                                                      
WWV_FLOW_PREFERENCES$                                                           
WWV_FLOW_MESSAGES$                                                              
WWV_FLOW_PATCHES                                                                
WWV_FLOW_DEVELOPER_ROLES                                                        

TABLE_NAME                                                                      
------------------------------                                                  
WWV_FLOW_DEVELOPERS                                                             
WWV_FLOW_LISTS                                                                  
WWV_FLOW_LIST_ITEMS                                                             
WWV_FLOW_SHARED_QUERIES                                                         
WWV_FLOW_SHARED_QRY_SQL_STMTS                                                   
WWV_FLOW_DICTIONARY$                                                            
WWV_FLOW_IMAGE_REPOSITORY                                                       
WWV_FLOW_CSS_REPOSITORY                                                         
WWV_FLOW_HTML_REPOSITORY                                                        
WWV_FLOW_DUAL100                                                                
WWV_FLOW_LOV_VALUES                                                             

TABLE_NAME                                                                      
------------------------------                                                  
WWV_FLOW_EFFECTIVE_USERID_MAP                                                   
WWV_FLOW_SHORTCUTS                                                              
WWV_FLOW_SHORTCUT_USAGE_MAP                                                     
WWV_FLOW_TEMP_TABLE                                                             
WWV_FLOW_MAIL_LOG                                                               
WWV_FLOW_MAIL_QUEUE                                                             
WWV_FLOW_MAIL_ATTACHMENTS                                                       
WWV_FLOW_FILE_OBJECTS$PART                                                      
WWV_FLOW_SW_BINDS                                                               
WWV_FLOW_SW_RESULTS                                                             
WWV_FLOW_SW_DETAIL_RESULTS                                                      

TABLE_NAME                                                                      
------------------------------                                                  
WWV_FLOW_SW_SQLPLUS_CMD                                                         
WWV_FLOW_SW_SQL_CMDS                                                            
WWV_FLOW_SW_STMTS                                                               
WWV_FLOW_SW_MAIN_KEYWORDS                                                       
WWV_FLOW_SW_SET_KEYWORDS                                                        
WWV_FLOW_SW_CREATE_KEYWORDS                                                     
WWV_FLOW_JOBS                                                                   
SYS_IOT_OVER_70794                                                              
WWV_FLOW_JOB_BIND_VALUES                                                        
WWV_FLOW_PAGE_SUBMISSIONS                                                       
WWV_FLOW_IMPORT_EXPORT                                                          

TABLE_NAME                                                                      
------------------------------                                                  
WWV_FLOW_PLATFORM_PREF                                                          
WWV_FLOW_COLLECTIONS$                                                           
WWV_FLOW_COLLECTION_MEMBERS$                                                    
WWV_FLOW_FND_USER                                                               
WWV_FLOW_PASSWORD_HISTORY                                                       
WWV_FLOW_FND_USER_GROUPS                                                        
WWV_FLOW_FND_GROUP_USERS                                                        
WWV_FLOW_DB_AUTH                                                                
WWV_FLOW_REGION_UPD_RPT_COLS                                                    
WWV_FLOW_TEMPLATES$                                                             
WWV_FLOW_TEMPLATE_THEMES$                                                       

TABLE_NAME                                                                      
------------------------------                                                  
WWV_FLOW_CLICKTHRU_LOG_NUMBER$                                                  
WWV_FLOW_CLICKTHRU_LOG$                                                         
WWV_FLOW_CLICKTHRU_LOG2$                                                        
WWV_FLOW_POPUP_LOV_TEMPLATE                                                     
WWV_FLOW_MENUS                                                                  
WWV_FLOW_MENU_OPTIONS                                                           
WWV_FLOW_MENU_TEMPLATES                                                         
WWV_FLOW_VERSION$                                                               
WWV_FLOW_CUSTOM_AUTH_SETUPS                                                     
WWV_FLOW_ENTRY_POINTS                                                           
WWV_FLOW_ENTRY_POINT_ARGS                                                       

TABLE_NAME                                                                      
------------------------------                                                  
WWV_FLOW_TEMP_TREES                                                             
WWV_FLOW_TREE_STATE                                                             
WWV_FLOW_SHARED_WEB_SERVICES                                                    
WWV_FLOW_WS_OPERATIONS                                                          
WWV_FLOW_WS_PARAMETERS                                                          
WWV_FLOW_WS_PROCESS_PARMS_MAP                                                   
WWV_FLOW_LOCK_PAGE                                                              
WWV_FLOW_LOCK_PAGE_LOG                                                          
WWV_FLOW_COMPOUND_CONDITIONS                                                    
WWV_FLOW_UPG_TAB_OBSOLETE                                                       
WWV_FLOW_UPG_TAB_NAME_CHANGES                                                   

TABLE_NAME                                                                      
------------------------------                                                  
WWV_FLOW_UPG_COL_NAME_CHANGES                                                   
WWV_FLOW_HNT_TABLE_INFO                                                         
WWV_FLOW_HNT_COLUMN_INFO                                                        
WWV_FLOW_HNT_LOV_DATA                                                           
WWV_FLOW_REGION_CHART_SER_ATTR                                                  
WWV_FLOW_QUERY_DEFINITION                                                       
WWV_FLOW_QUERY_OBJECT                                                           
WWV_FLOW_QUERY_COLUMN                                                           
WWV_FLOW_QUERY_CONDITION                                                        
WWV_FLOW_REGION_REPORT_COLUMN                                                   
WWV_FLOW_REGION_REPORT_FILTER                                                   

TABLE_NAME                                                                      
------------------------------                                                  
WWV_FLOW_HNT_PROCEDURE_INFO                                                     
WWV_FLOW_HNT_ARGUMENT_INFO                                                      
WWV_FLOW_CHARSETS                                                               
WWV_FLOW_CUSTOMIZED_TASKS                                                       
WWV_FLOW_PAGE_GROUPS                                                            
WWV_FLOW_ONLINE_HELP                                                            
WWV_FLOW_ONLINE_HELP_JA                                                         
WWV_FLOW_RESTRICTED_SCHEMAS                                                     
WWV_FLOW_RSCHEMA_EXCEPTIONS                                                     
WWV_FLOW_QB_SAVED_QUERY                                                         
WWV_FLOW_QB_SAVED_COND                                                          

TABLE_NAME                                                                      
------------------------------                                                  
WWV_FLOW_QB_SAVED_JOIN                                                          
WWV_FLOW_QB_SAVED_TABS                                                          
WWV_FLOW_MODELS                                                                 
WWV_FLOW_MODEL_PAGES                                                            
WWV_FLOW_MODEL_PAGE_REGIONS                                                     
WWV_FLOW_MODEL_PAGE_COLS                                                        
WWV_FLOW_SC_TRANS                                                               
WWV_FLOW_REPORT_LAYOUTS                                                         
WWV_FLOW_INSTALL                                                                
WWV_FLOW_INSTALL_SCRIPTS                                                        
WWV_FLOW_INSTALL_CHECKS                                                         

TABLE_NAME                                                                      
------------------------------                                                  
WWV_FLOW_INSTALL_BUILD_OPT                                                      
WWV_FLOW_BUILDER_AUDIT_TRAIL                                                    
WWV_FLOW_STANDARD_ICONS                                                         
WWV_FLOW_STANDARD_CSS                                                           
WWV_FLOW_STANDARD_JS                                                            
WWV_FLOW_APP_BUILD_PREF                                                         
WWV_FLOW_FLASH_CHARTS                                                           
WWV_FLOW_FLASH_CHART_SERIES                                                     
WWV_FLOW_RANDOM_IMAGES                                                          
WWV_FLOW_REQUEST_VERIFICATIONS                                                  
WWV_FLOW_WORKSHEETS                                                             

TABLE_NAME                                                                      
------------------------------                                                  
WWV_FLOW_WORKSHEET_CATEGORIES                                                   
WWV_FLOW_WORKSHEET_HISTORY                                                      
WWV_FLOW_WORKSHEET_ROWS                                                         
WWV_FLOW_WORKSHEET_COL_GROUPS                                                   
WWV_FLOW_WORKSHEET_LOVS                                                         
WWV_FLOW_WORKSHEET_LOV_ENTRIES                                                  
WWV_FLOW_WORKSHEET_COLUMNS                                                      
WWV_FLOW_WORKSHEET_PRIVS                                                        
WWV_FLOW_WORKSHEET_STICK                                                        
WWV_FLOW_WORKSHEET_LINKS                                                        
WWV_FLOW_WORKSHEET_DOCS                                                         

TABLE_NAME                                                                      
------------------------------                                                  
WWV_FLOW_WORKSHEET_RPTS                                                         
WWV_FLOW_WORKSHEET_CONDITIONS                                                   
WWV_FLOW_WORKSHEET_COMPUTATION                                                  
WWV_FLOW_FOLDERS                                                                
WWV_FLOW_WEB_PAGES                                                              
WWV_FLOW_WEB_PG_REGIONS                                                         
WWV_FLOW_WEB_PG_LIST_ENTRIES                                                    
WWV_FLOW_WORKSHEET_GEOCACHE                                                     
WWV_FLOW_UPGRADE_PROGRESS                                                       
WWV_COLUMN_EXCEPTIONS                                                           
WWV_FLOW_PROVISION_SERICE_MOD                                                   

TABLE_NAME                                                                      
------------------------------                                                  
WWV_FLOW_PROVISION_COMPANY                                                      
WWV_FLOW_PICK_PAGE_VIEWS                                                        
WWV_FLOW_PICK_END_USERS                                                         
WWV_FLOW_PICK_DATABASE_SIZE                                                     
WWV_FLOW_WORKSPACE_REQ_SIZE                                                     
WWV_FLOW_COMPANY_TYPES                                                          
WWV_FLOW_COUNTRIES                                                              
WWV_FLOW_DATA_LOAD_UNLOAD                                                       
WWV_FLOW_DATA_LOAD_BAD_LOG                                                      
WWV_MIG_PROJECTS                                                                
WWV_MIG_ACCESS                                                                  

TABLE_NAME                                                                      
------------------------------                                                  
WWV_MIG_EXPORTER                                                                
WWV_MIG_ACC_FORMS                                                               
WWV_MIG_ACC_FORMS_CONTROLS                                                      
WWV_MIG_ACC_FORMS_MODULES                                                       
WWV_MIG_ACC_FORMS_PERM                                                          
WWV_MIG_ACC_REPORTS                                                             
WWV_MIG_ACC_RPTS_CONTROLS                                                       
WWV_MIG_ACC_RPTS_MODULES                                                        
WWV_MIG_ACC_RPT_PERMS                                                           
WWV_MIG_ACC_TABLES                                                              
WWV_MIG_ACC_COLUMNS                                                             

TABLE_NAME                                                                      
------------------------------                                                  
WWV_MIG_ACC_INDEXES                                                             
WWV_MIG_ACC_INDEXES_COLS                                                        
WWV_MIG_ACC_TAB_PERM                                                            
WWV_MIG_ACC_QUERIES                                                             
WWV_MIG_ACC_RELATIONS                                                           
WWV_MIG_ACC_RELATION_COLS                                                       
WWV_MIG_ACC_USERS                                                               
WWV_MIG_ACC_GROUPS                                                              
WWV_MIG_ACC_GRPSMEMBERS                                                         
WWV_MIG_ACC_MODULES                                                             
WWV_MIG_ACC_MODULES_PERM                                                        

TABLE_NAME                                                                      
------------------------------                                                  
WWV_MIG_ACC_PAGES                                                               
WWV_MIG_REV_TABLES                                                              
WWV_MIG_REV_QUERIES                                                             
WWV_MIG_REV_REPORTS                                                             
WWV_MIG_REV_FORMS                                                               
WWV_MIG_REV_APEXAPP                                                             
WWV_MIG_RESERVED_WORDS                                                          
WWV_MIG_GENERATED_APPLICATIONS                                                  
WWV_MIG_FRM_XMLTAGTABLEMAP                                                      
WWV_MIG_RPT_XMLTAGTABLEMAP                                                      
WWV_MIG_PROJECT_COMPONENTS                                                      

TABLE_NAME                                                                      
------------------------------                                                  
WWV_MIG_PROJECT_TRIGGERS                                                        
WWV_MIG_FORMS                                                                   
WWV_MIG_PLSQL_LIBS                                                              
WWV_MIG_FRM_MODULES                                                             
WWV_MIG_FRM_FORMMODULES                                                         
WWV_MIG_FRM_ATTACHEDLIBRARY                                                     
WWV_MIG_FRM_MODULEPARAMETER                                                     
WWV_MIG_FRM_FMB_MENU                                                            
WWV_MIG_FRM_FMB_MENU_MENUITEM                                                   
WWV_MIG_FRM_FMB_MENUITEM_ROLE                                                   
WWV_MIG_FRM_REPORT                                                              

TABLE_NAME                                                                      
------------------------------                                                  
WWV_MIG_FRM_OBJECTGROUP                                                         
WWV_MIG_FRM_OBJECTGROUPCHILD                                                    
WWV_MIG_FRM_COORDINATES                                                         
WWV_MIG_FRM_ALERTS                                                              
WWV_MIG_FRM_TRIGGERS                                                            
WWV_MIG_FRM_BLOCKS                                                              
WWV_MIG_FRM_BLK_ITEMS                                                           
WWV_MIG_FRM_BLK_ITEM_TRIGGERS                                                   
WWV_MIG_FRM_BLK_ITEM_LIE                                                        
WWV_MIG_FRM_BLK_ITEM_RADIO                                                      
WWV_MIG_FRM_BLK_DSA                                                             

TABLE_NAME                                                                      
------------------------------                                                  
WWV_MIG_FRM_BLK_DSC                                                             
WWV_MIG_FRM_BLK_TRIGGERS                                                        
WWV_MIG_FRM_BLK_RELATIONS                                                       
WWV_MIG_FRM_CANVAS                                                              
WWV_MIG_FRM_CNVS_GRAPHICS                                                       
WWV_MIG_FRM_CNVG_COMPOUNDTEXT                                                   
WWV_MIG_FRM_CPDTXT_TEXTSEGMENT                                                  
WWV_MIG_FRM_CNVS_TABPAGE                                                        
WWV_MIG_FRM_EDITOR                                                              
WWV_MIG_FRM_LOV                                                                 
WWV_MIG_FRM_LOVCOLUMNMAPPING                                                    

TABLE_NAME                                                                      
------------------------------                                                  
WWV_MIG_FRM_PROGRAMUNIT                                                         
WWV_MIG_FRM_PROPERTYCLASS                                                       
WWV_MIG_FRM_RECORDGROUPS                                                        
WWV_MIG_FRM_RECORDGROUPCOLUMN                                                   
WWV_MIG_FRM_VISUALATTRIBUTES                                                    
WWV_MIG_FRM_WINDOWS                                                             
WWV_MIG_FRM_REV_APEX_APP                                                        
WWV_MIG_FRM_REV_FORMMODULES                                                     
WWV_MIG_FRM_REV_BLOCKS                                                          
WWV_MIG_FRM_REV_BLK_ITEMS                                                       
WWV_MIG_FRM_REV_LOV                                                             

TABLE_NAME                                                                      
------------------------------                                                  
WWV_MIG_FRM_REV_LOVCOLMAPS                                                      
WWV_MIG_RPTS                                                                    
WWV_MIG_REPORT                                                                  
WWV_MIG_RPT_DATA                                                                
WWV_MIG_RPT_DATASRC                                                             
WWV_MIG_RPT_DATASRC_SELECT                                                      
WWV_MIG_RPT_DATASRC_GRP                                                         
WWV_MIG_RPT_GRP_DATAITEM                                                        
WWV_MIG_RPT_GRP_DATAITEM_DESC                                                   
WWV_MIG_RPT_GRP_DATAITEM_PRIV                                                   
WWV_MIG_RPT_GRP_SUMMARY                                                         

TABLE_NAME                                                                      
------------------------------                                                  
WWV_MIG_RPT_GRP_FORMULA                                                         
WWV_MIG_RPT_GRP_ROWDELIM                                                        
WWV_MIG_RPT_GRP_FILTER                                                          
WWV_MIG_RPT_GRP_FIELD                                                           
WWV_MIG_RPT_DATA_SUMMARY                                                        
WWV_MIG_RPT_REPORTPRIVATE                                                       
WWV_MIG_FRM_MENUS                                                               
WWV_MIG_FRM_MENUS_MODULES                                                       
WWV_MIG_FRM_MENUS_MENUMODULES                                                   
WWV_MIG_FRM_MENUSMODULEROLES                                                    
WWV_MIG_FRM_MENU                                                                

TABLE_NAME                                                                      
------------------------------                                                  
WWV_MIG_FRM_MENU_MENUITEM                                                       
WWV_MIG_FRM_MENUITEM_ROLE                                                       
WWV_MIG_FRM_MENUS_PROGRAMUNIT                                                   
WWV_MIG_MENU_XMLTAGTABLEMAP                                                     
WWV_MIG_FRM_OLB_XMLTAGTABLEMAP                                                  
WWV_MIG_OLB                                                                     
WWV_MIG_OLB_MODULES                                                             
WWV_MIG_OLB_OBJECTLIBRARY                                                       
WWV_MIG_OLB_OBJECTLIBRARYTAB                                                    
WWV_MIG_OLB_BLOCK                                                               
WWV_MIG_OLB_CANVAS                                                              

TABLE_NAME                                                                      
------------------------------                                                  
WWV_MIG_OLB_PROGRAMUNIT                                                         
WWV_MIG_OLB_PROPERTYCLASS                                                       
WWV_MIG_OLB_VISUALATTRIBUTE                                                     
WWV_MIG_OLB_WINDOW                                                              
WWV_MIG_OLB_OLT_ALERT                                                           
WWV_MIG_OLB_OLT_BLOCK                                                           
WWV_MIG_OLB_OLT_CANVAS                                                          
WWV_MIG_OLB_OLT_GRAPHICS                                                        
WWV_MIG_OLB_OLT_ITEM                                                            
WWV_MIG_OLB_OLT_MENU                                                            
WWV_MIG_OLB_OLT_OBJECTGROUP                                                     

TABLE_NAME                                                                      
------------------------------                                                  
WWV_MIG_OLB_OLT_REPORT                                                          
WWV_MIG_OLB_OLT_TABPAGE                                                         
WWV_MIG_OLB_OLT_VISUALATTRBUTE                                                  
WWV_MIG_OLB_OLT_WINDOW                                                          
WWV_MIG_OLB_BLK_ITEM                                                            
WWV_MIG_OLB_BLK_ITEM_LIE                                                        
WWV_MIG_OLB_BLK_ITEM_TRIGGER                                                    
WWV_MIG_OLB_BLK_DATASOURCECOL                                                   
WWV_MIG_OLB_BLK_TRIGGER                                                         
WWV_MIG_OLB_CNVS_GRAPHICS                                                       
WWV_MIG_OLB_OLT_BLK_ITEM                                                        

TABLE_NAME                                                                      
------------------------------                                                  
WWV_MIG_OLB_OLT_CNVS_GRAPHICS                                                   
WWV_MIG_OLB_OLT_MENU_MENUITEM                                                   
WWV_MIG_OLB_OLT_OB_OBJGRPCHILD                                                  
WWV_MIG_OLB_OLT_TABPG_GRAPHICS                                                  
WWV_MIG_OLB_T_TP_G_GRAPHICS                                                     
WWV_MIG_OLB_T_TP_GG_CPDTXT                                                      
WWV_MIG_OLB_T_TP_GG_CT_TXTSGT                                                   
WWV_MIG_OLB_T_TP_GG_GRAPHICS                                                    
WWV_MIG_OLB_T_TP_GGG_CPDTXT                                                     
WWV_MIG_OLB_T_TP_GGG_CT_TXTSGT                                                  
WWV_MIG_OLB_T_TP_GGG_GRAPHICS                                                   

TABLE_NAME                                                                      
------------------------------                                                  
WWV_MIG_OLB_T_TP_GGGG_CPDTXT                                                    
WWV_MIG_OLB_T_TP_GGGG_CT_TXSGT                                                  
WWV_MIG_OLB_T_TP_GGGG_GRAPHICS                                                  
WWV_MIG_OLB_T_TP_GGGGG_CPDTXT                                                   
WWV_MIG_OLB_T_TP_GGGGG_CT_TXST                                                  
WWV_MIG_OLB_OLT_BLK_ITEM_TRIGR                                                  
WWV_MIG_OLB_CG_COMPOUNDTEXT                                                     
WWV_MIG_OLB_CG_CT_TEXTSEGMENT                                                   
OWBRTPS                                                                         
DEPT                                                                            
EMP                                                                             

TABLE_NAME                                                                      
------------------------------                                                  
BONUS                                                                           
SALGRADE                                                                        
REGIONS                                                                         
COUNTRIES                                                                       
LOCATIONS                                                                       
DEPARTMENTS                                                                     
JOBS                                                                            
EMPLOYEES                                                                       
JOB_HISTORY                                                                     
CUSTOMERS                                                                       
WAREHOUSES                                                                      

TABLE_NAME                                                                      
------------------------------                                                  
ORDER_ITEMS                                                                     
ORDERS                                                                          
INVENTORIES                                                                     
PRODUCT_INFORMATION                                                             
PRODUCT_DESCRIPTIONS                                                            
PROMOTIONS                                                                      
ONLINE_MEDIA                                                                    
AQ_MNTR_MSGS_QUEUE                                                              
PRODUCT_REF_LIST_NESTEDTAB                                                      
SUBCATEGORY_REF_LIST_NESTEDTAB                                                  
AQ_MNTR_MSGS_SUBS                                                               

TABLE_NAME                                                                      
------------------------------                                                  
AQ_MNTR_MSGS_PERSQ                                                              
AQ_MNTR_MSGS_PERSQSUBS                                                          
AQ_MNTR_MSGS_BUFFQ                                                              
WRI$_ADV_OBJSPACE_TREND_DATA                                                    
WRI$_ADV_OBJSPACE_CHROW_DATA                                                    
TEST                                                                            

2767 ligne(s) sélectionnée(s).

SQL> select table_name from all_tables where user=scott;
select table_name from all_tables where user=scott
                                             *
ERREUR à la ligne 1 :
ORA-00904: "SCOTT" : identificateur non valide 


SQL> select table_name from all_tables where user='scott';

aucune ligne sélectionnée

SQL> select table_name from all_tables where user='SCOTT';

aucune ligne sélectionnée

SQL> select distinct user from all_tables;

USER                                                                            
------------------------------                                                  
SYS                                                                             

SQL> select distinct user from dba_tables;

USER                                                                            
------------------------------                                                  
SYS                                                                             

SQL> select * from dba_users where name = 'kay' or       name = 'bob'
  2  ;
select * from dba_users where name = 'kay' or       name = 'bob'
                                                    *
ERREUR à la ligne 1 :
ORA-00904: "NAME" : identificateur non valide 


SQL> select * from dba_users where name = 'kay' or name = 'bob';
select * from dba_users where name = 'kay' or name = 'bob'
                                              *
ERREUR à la ligne 1 :
ORA-00904: "NAME" : identificateur non valide 


SQL> select * from dba_users where name = 'kay';
select * from dba_users where name = 'kay'
                              *
ERREUR à la ligne 1 :
ORA-00904: "NAME" : identificateur non valide 


SQL> select * from dba_users where user_name = 'kay';
select * from dba_users where user_name = 'kay'
                              *
ERREUR à la ligne 1 :
ORA-00904: "USER_NAME" : identificateur non valide 


SQL> select * from dba_users where username = 'kay';

aucune ligne sélectionnée

SQL> describe dba_users
 Nom                                       NULL ?   Type
 ----------------------------------------- -------- ----------------------------
 USERNAME                                  NOT NULL VARCHAR2(30)
 USER_ID                                   NOT NULL NUMBER
 PASSWORD                                           VARCHAR2(30)
 ACCOUNT_STATUS                            NOT NULL VARCHAR2(32)
 LOCK_DATE                                          DATE
 EXPIRY_DATE                                        DATE
 DEFAULT_TABLESPACE                        NOT NULL VARCHAR2(30)
 TEMPORARY_TABLESPACE                      NOT NULL VARCHAR2(30)
 CREATED                                   NOT NULL DATE
 PROFILE                                   NOT NULL VARCHAR2(30)
 INITIAL_RSRC_CONSUMER_GROUP                        VARCHAR2(30)
 EXTERNAL_NAME                                      VARCHAR2(4000)
 PASSWORD_VERSIONS                                  VARCHAR2(8)
 EDITIONS_ENABLED                                   VARCHAR2(1)
 AUTHENTICATION_TYPE                                VARCHAR2(8)

SQL> select * from dba_users where username = 'KAY' or username = 'BOB';

USERNAME                          USER_ID PASSWORD                              
------------------------------ ---------- ------------------------------        
ACCOUNT_STATUS                   LOCK_DAT EXPIRY_D                              
-------------------------------- -------- --------                              
DEFAULT_TABLESPACE             TEMPORARY_TABLESPACE           CREATED           
------------------------------ ------------------------------ --------          
PROFILE                        INITIAL_RSRC_CONSUMER_GROUP                      
------------------------------ ------------------------------                   
EXTERNAL_NAME                                                                   
--------------------------------------------------------------------------------
PASSWORD E AUTHENTI                                                             
-------- - --------                                                             
KAY                                    92                                       

USERNAME                          USER_ID PASSWORD                              
------------------------------ ---------- ------------------------------        
ACCOUNT_STATUS                   LOCK_DAT EXPIRY_D                              
-------------------------------- -------- --------                              
DEFAULT_TABLESPACE             TEMPORARY_TABLESPACE           CREATED           
------------------------------ ------------------------------ --------          
PROFILE                        INITIAL_RSRC_CONSUMER_GROUP                      
------------------------------ ------------------------------                   
EXTERNAL_NAME                                                                   
--------------------------------------------------------------------------------
PASSWORD E AUTHENTI                                                             
-------- - --------                                                             
OPEN                                      18/05/16                              

USERNAME                          USER_ID PASSWORD                              
------------------------------ ---------- ------------------------------        
ACCOUNT_STATUS                   LOCK_DAT EXPIRY_D                              
-------------------------------- -------- --------                              
DEFAULT_TABLESPACE             TEMPORARY_TABLESPACE           CREATED           
------------------------------ ------------------------------ --------          
PROFILE                        INITIAL_RSRC_CONSUMER_GROUP                      
------------------------------ ------------------------------                   
EXTERNAL_NAME                                                                   
--------------------------------------------------------------------------------
PASSWORD E AUTHENTI                                                             
-------- - --------                                                             
USERS                          TEMP                           20/11/15          

USERNAME                          USER_ID PASSWORD                              
------------------------------ ---------- ------------------------------        
ACCOUNT_STATUS                   LOCK_DAT EXPIRY_D                              
-------------------------------- -------- --------                              
DEFAULT_TABLESPACE             TEMPORARY_TABLESPACE           CREATED           
------------------------------ ------------------------------ --------          
PROFILE                        INITIAL_RSRC_CONSUMER_GROUP                      
------------------------------ ------------------------------                   
EXTERNAL_NAME                                                                   
--------------------------------------------------------------------------------
PASSWORD E AUTHENTI                                                             
-------- - --------                                                             
DEFAULT                        DEFAULT_CONSUMER_GROUP                           

USERNAME                          USER_ID PASSWORD                              
------------------------------ ---------- ------------------------------        
ACCOUNT_STATUS                   LOCK_DAT EXPIRY_D                              
-------------------------------- -------- --------                              
DEFAULT_TABLESPACE             TEMPORARY_TABLESPACE           CREATED           
------------------------------ ------------------------------ --------          
PROFILE                        INITIAL_RSRC_CONSUMER_GROUP                      
------------------------------ ------------------------------                   
EXTERNAL_NAME                                                                   
--------------------------------------------------------------------------------
PASSWORD E AUTHENTI                                                             
-------- - --------                                                             
                                                                                

USERNAME                          USER_ID PASSWORD                              
------------------------------ ---------- ------------------------------        
ACCOUNT_STATUS                   LOCK_DAT EXPIRY_D                              
-------------------------------- -------- --------                              
DEFAULT_TABLESPACE             TEMPORARY_TABLESPACE           CREATED           
------------------------------ ------------------------------ --------          
PROFILE                        INITIAL_RSRC_CONSUMER_GROUP                      
------------------------------ ------------------------------                   
EXTERNAL_NAME                                                                   
--------------------------------------------------------------------------------
PASSWORD E AUTHENTI                                                             
-------- - --------                                                             
10G 11G  N PASSWORD                                                             

USERNAME                          USER_ID PASSWORD                              
------------------------------ ---------- ------------------------------        
ACCOUNT_STATUS                   LOCK_DAT EXPIRY_D                              
-------------------------------- -------- --------                              
DEFAULT_TABLESPACE             TEMPORARY_TABLESPACE           CREATED           
------------------------------ ------------------------------ --------          
PROFILE                        INITIAL_RSRC_CONSUMER_GROUP                      
------------------------------ ------------------------------                   
EXTERNAL_NAME                                                                   
--------------------------------------------------------------------------------
PASSWORD E AUTHENTI                                                             
-------- - --------                                                             
                                                                                

USERNAME                          USER_ID PASSWORD                              
------------------------------ ---------- ------------------------------        
ACCOUNT_STATUS                   LOCK_DAT EXPIRY_D                              
-------------------------------- -------- --------                              
DEFAULT_TABLESPACE             TEMPORARY_TABLESPACE           CREATED           
------------------------------ ------------------------------ --------          
PROFILE                        INITIAL_RSRC_CONSUMER_GROUP                      
------------------------------ ------------------------------                   
EXTERNAL_NAME                                                                   
--------------------------------------------------------------------------------
PASSWORD E AUTHENTI                                                             
-------- - --------                                                             
BOB                                    91                                       

USERNAME                          USER_ID PASSWORD                              
------------------------------ ---------- ------------------------------        
ACCOUNT_STATUS                   LOCK_DAT EXPIRY_D                              
-------------------------------- -------- --------                              
DEFAULT_TABLESPACE             TEMPORARY_TABLESPACE           CREATED           
------------------------------ ------------------------------ --------          
PROFILE                        INITIAL_RSRC_CONSUMER_GROUP                      
------------------------------ ------------------------------                   
EXTERNAL_NAME                                                                   
--------------------------------------------------------------------------------
PASSWORD E AUTHENTI                                                             
-------- - --------                                                             
OPEN                                      18/05/16                              

USERNAME                          USER_ID PASSWORD                              
------------------------------ ---------- ------------------------------        
ACCOUNT_STATUS                   LOCK_DAT EXPIRY_D                              
-------------------------------- -------- --------                              
DEFAULT_TABLESPACE             TEMPORARY_TABLESPACE           CREATED           
------------------------------ ------------------------------ --------          
PROFILE                        INITIAL_RSRC_CONSUMER_GROUP                      
------------------------------ ------------------------------                   
EXTERNAL_NAME                                                                   
--------------------------------------------------------------------------------
PASSWORD E AUTHENTI                                                             
-------- - --------                                                             
USERS                          TEMP                           20/11/15          

USERNAME                          USER_ID PASSWORD                              
------------------------------ ---------- ------------------------------        
ACCOUNT_STATUS                   LOCK_DAT EXPIRY_D                              
-------------------------------- -------- --------                              
DEFAULT_TABLESPACE             TEMPORARY_TABLESPACE           CREATED           
------------------------------ ------------------------------ --------          
PROFILE                        INITIAL_RSRC_CONSUMER_GROUP                      
------------------------------ ------------------------------                   
EXTERNAL_NAME                                                                   
--------------------------------------------------------------------------------
PASSWORD E AUTHENTI                                                             
-------- - --------                                                             
DEFAULT                        DEFAULT_CONSUMER_GROUP                           

USERNAME                          USER_ID PASSWORD                              
------------------------------ ---------- ------------------------------        
ACCOUNT_STATUS                   LOCK_DAT EXPIRY_D                              
-------------------------------- -------- --------                              
DEFAULT_TABLESPACE             TEMPORARY_TABLESPACE           CREATED           
------------------------------ ------------------------------ --------          
PROFILE                        INITIAL_RSRC_CONSUMER_GROUP                      
------------------------------ ------------------------------                   
EXTERNAL_NAME                                                                   
--------------------------------------------------------------------------------
PASSWORD E AUTHENTI                                                             
-------- - --------                                                             
                                                                                

USERNAME                          USER_ID PASSWORD                              
------------------------------ ---------- ------------------------------        
ACCOUNT_STATUS                   LOCK_DAT EXPIRY_D                              
-------------------------------- -------- --------                              
DEFAULT_TABLESPACE             TEMPORARY_TABLESPACE           CREATED           
------------------------------ ------------------------------ --------          
PROFILE                        INITIAL_RSRC_CONSUMER_GROUP                      
------------------------------ ------------------------------                   
EXTERNAL_NAME                                                                   
--------------------------------------------------------------------------------
PASSWORD E AUTHENTI                                                             
-------- - --------                                                             
10G 11G  N PASSWORD                                                             

USERNAME                          USER_ID PASSWORD                              
------------------------------ ---------- ------------------------------        
ACCOUNT_STATUS                   LOCK_DAT EXPIRY_D                              
-------------------------------- -------- --------                              
DEFAULT_TABLESPACE             TEMPORARY_TABLESPACE           CREATED           
------------------------------ ------------------------------ --------          
PROFILE                        INITIAL_RSRC_CONSUMER_GROUP                      
------------------------------ ------------------------------                   
EXTERNAL_NAME                                                                   
--------------------------------------------------------------------------------
PASSWORD E AUTHENTI                                                             
-------- - --------                                                             
                                                                                

SQL> set wrap off
SQL> select * from dba_users where username = 'KAY' or username = 'BOB';
les lignes seront tronquées

les lignes seront tronquées

les lignes seront tronquées

les lignes seront tronquées

les lignes seront tronquées

les lignes seront tronquées

les lignes seront tronquées

les lignes seront tronquées

les lignes seront tronquées

les lignes seront tronquées

les lignes seront tronquées


USERNAME                          USER_ID PASSWORD                       ACCOUNT
------------------------------ ---------- ------------------------------ -------
KAY                                    92                                OPEN   
BOB                                    91                                OPEN   

SQL> describe dba_users
 Nom                                       NULL ?   Type
 ----------------------------------------- -------- ----------------------------
 USERNAME                                  NOT NULL VARCHAR2(30)
 USER_ID                                   NOT NULL NUMBER
 PASSWORD                                           VARCHAR2(30)
 ACCOUNT_STATUS                            NOT NULL VARCHAR2(32)
 LOCK_DATE                                          DATE
 EXPIRY_DATE                                        DATE
 DEFAULT_TABLESPACE                        NOT NULL VARCHAR2(30)
 TEMPORARY_TABLESPACE                      NOT NULL VARCHAR2(30)
 CREATED                                   NOT NULL DATE
 PROFILE                                   NOT NULL VARCHAR2(30)
 INITIAL_RSRC_CONSUMER_GROUP                        VARCHAR2(30)
 EXTERNAL_NAME                                      VARCHAR2(4000)
 PASSWORD_VERSIONS                                  VARCHAR2(8)
 EDITIONS_ENABLED                                   VARCHAR2(1)
 AUTHENTICATION_TYPE                                VARCHAR2(8)

SQL> select tablespace_name, sum( bytes ) from dba_users, dba_free_space where username = 'BOB' and ;
select tablespace_name, sum( bytes ) from dba_users, dba_free_space where username = 'BOB' and 
                                                                                              *
ERREUR à la ligne 1 :
ORA-00936: expression absente 


SQL> select tablespace_name, sum( bytes ) from dba_users, dba_free_space where username = 'BOB' and tablespace_name = default_tablespace group by tablespace_name;

TABLESPACE_NAME                SUM(BYTES)                                       
------------------------------ ----------                                       
USERS                             1179648                                       

SQL> alter user bob quota 0 M on users;

Utilisateur modifié.

SQL> drop user kay;
drop user kay
*
ERREUR à la ligne 1 :
ORA-01940: impossible de supprimer un utilisateur qui est connecté 


SQL> select sid,serial# from v$session where username = KAY;
select sid,serial# from v$session where username = KAY
                                                   *
ERREUR à la ligne 1 :
ORA-00904: "KAY" : identificateur non valide 


SQL> select sid,serial# from v$session where username = 'KAY';

       SID    SERIAL#                                                           
---------- ----------                                                           
        29         93                                                           

SQL> alter system kill session 29,93;
alter system kill session 29,93
                          *
ERREUR à la ligne 1 :
ORA-00026: ID de session non valide ou absent. 


SQL> alter system kill session '29,93';

Système modifié.

SQL> drop user kay;

Utilisateur supprimé.

SQL> alter user bob identified by olink password expire;

Utilisateur modifié.

SQL> select sid,serial# from v$session where username = 'KAY';

aucune ligne sélectionnée

SQL> select sid,serial# from v$session where username = 'BOB';

       SID    SERIAL#                                                           
---------- ----------                                                           
        31        742                                                           

SQL> alter system kill session '31,742';

Système modifié.

SQL> drop user bob;
drop user bob
*
ERREUR à la ligne 1 :
ORA-01922: CASCADE à indiquer pour supprimer 'BOB' 


SQL> drop user bob cascade;

Utilisateur supprimé.

SQL> spool off
